Archive member included to satisfy reference by file (symbol)

f:/embedded iti/programms/eclips/imt_sdk_win_64/imt_sdk_win_64/winarm/armgcc/bin/../lib/gcc/arm-none-eabi/7.2.1/thumb/v7e-m/fpv4-sp/hard\libgcc.a(_aeabi_uldivmod.o)
                              ./system/src/stm32f4-hal/stm32f4xx_hal_rcc.o (__aeabi_uldivmod)
f:/embedded iti/programms/eclips/imt_sdk_win_64/imt_sdk_win_64/winarm/armgcc/bin/../lib/gcc/arm-none-eabi/7.2.1/thumb/v7e-m/fpv4-sp/hard\libgcc.a(_udivmoddi4.o)
                              f:/embedded iti/programms/eclips/imt_sdk_win_64/imt_sdk_win_64/winarm/armgcc/bin/../lib/gcc/arm-none-eabi/7.2.1/thumb/v7e-m/fpv4-sp/hard\libgcc.a(_aeabi_uldivmod.o) (__udivmoddi4)
f:/embedded iti/programms/eclips/imt_sdk_win_64/imt_sdk_win_64/winarm/armgcc/bin/../lib/gcc/arm-none-eabi/7.2.1/thumb/v7e-m/fpv4-sp/hard\libgcc.a(_dvmd_tls.o)
                              f:/embedded iti/programms/eclips/imt_sdk_win_64/imt_sdk_win_64/winarm/armgcc/bin/../lib/gcc/arm-none-eabi/7.2.1/thumb/v7e-m/fpv4-sp/hard\libgcc.a(_aeabi_uldivmod.o) (__aeabi_ldiv0)
f:/embedded iti/programms/eclips/imt_sdk_win_64/imt_sdk_win_64/winarm/armgcc/bin/../lib/gcc/arm-none-eabi/7.2.1/../../../../arm-none-eabi/lib/thumb/v7e-m/fpv4-sp/hard\libg_nano.a(lib_a-errno.o)
                              ./system/src/newlib/_sbrk.o (__errno)
f:/embedded iti/programms/eclips/imt_sdk_win_64/imt_sdk_win_64/winarm/armgcc/bin/../lib/gcc/arm-none-eabi/7.2.1/../../../../arm-none-eabi/lib/thumb/v7e-m/fpv4-sp/hard\libg_nano.a(lib_a-impure.o)
                              f:/embedded iti/programms/eclips/imt_sdk_win_64/imt_sdk_win_64/winarm/armgcc/bin/../lib/gcc/arm-none-eabi/7.2.1/../../../../arm-none-eabi/lib/thumb/v7e-m/fpv4-sp/hard\libg_nano.a(lib_a-errno.o) (_impure_ptr)
f:/embedded iti/programms/eclips/imt_sdk_win_64/imt_sdk_win_64/winarm/armgcc/bin/../lib/gcc/arm-none-eabi/7.2.1/../../../../arm-none-eabi/lib/thumb/v7e-m/fpv4-sp/hard\libg_nano.a(lib_a-init.o)
                              ./system/src/cmsis/startup_stm32f401ccux.o (__libc_init_array)
f:/embedded iti/programms/eclips/imt_sdk_win_64/imt_sdk_win_64/winarm/armgcc/bin/../lib/gcc/arm-none-eabi/7.2.1/../../../../arm-none-eabi/lib/thumb/v7e-m/fpv4-sp/hard\libg_nano.a(lib_a-memcpy-stub.o)
                              ./FreeRTOS/queue.o (memcpy)
f:/embedded iti/programms/eclips/imt_sdk_win_64/imt_sdk_win_64/winarm/armgcc/bin/../lib/gcc/arm-none-eabi/7.2.1/../../../../arm-none-eabi/lib/thumb/v7e-m/fpv4-sp/hard\libg_nano.a(lib_a-memset.o)
                              ./FreeRTOS/stream_buffer.o (memset)
f:/embedded iti/programms/eclips/imt_sdk_win_64/imt_sdk_win_64/winarm/armgcc/bin/../lib/gcc/arm-none-eabi/7.2.1/../../../../arm-none-eabi/lib/thumb/v7e-m/fpv4-sp/hard\libg_nano.a(lib_a-strlen.o)
                              ./system/src/diag/Trace.o (strlen)
f:/embedded iti/programms/eclips/imt_sdk_win_64/imt_sdk_win_64/winarm/armgcc/bin/../lib/gcc/arm-none-eabi/7.2.1/../../../../arm-none-eabi/lib/thumb/v7e-m/fpv4-sp/hard\libg_nano.a(lib_a-vsnprintf.o)
                              ./system/src/diag/Trace.o (vsnprintf)
f:/embedded iti/programms/eclips/imt_sdk_win_64/imt_sdk_win_64/winarm/armgcc/bin/../lib/gcc/arm-none-eabi/7.2.1/../../../../arm-none-eabi/lib/thumb/v7e-m/fpv4-sp/hard\libg_nano.a(lib_a-nano-svfprintf.o)
                              f:/embedded iti/programms/eclips/imt_sdk_win_64/imt_sdk_win_64/winarm/armgcc/bin/../lib/gcc/arm-none-eabi/7.2.1/../../../../arm-none-eabi/lib/thumb/v7e-m/fpv4-sp/hard\libg_nano.a(lib_a-vsnprintf.o) (_svfprintf_r)
f:/embedded iti/programms/eclips/imt_sdk_win_64/imt_sdk_win_64/winarm/armgcc/bin/../lib/gcc/arm-none-eabi/7.2.1/../../../../arm-none-eabi/lib/thumb/v7e-m/fpv4-sp/hard\libg_nano.a(lib_a-nano-vfprintf_i.o)
                              f:/embedded iti/programms/eclips/imt_sdk_win_64/imt_sdk_win_64/winarm/armgcc/bin/../lib/gcc/arm-none-eabi/7.2.1/../../../../arm-none-eabi/lib/thumb/v7e-m/fpv4-sp/hard\libg_nano.a(lib_a-nano-svfprintf.o) (_printf_i)
f:/embedded iti/programms/eclips/imt_sdk_win_64/imt_sdk_win_64/winarm/armgcc/bin/../lib/gcc/arm-none-eabi/7.2.1/../../../../arm-none-eabi/lib/thumb/v7e-m/fpv4-sp/hard\libg_nano.a(lib_a-memchr.o)
                              f:/embedded iti/programms/eclips/imt_sdk_win_64/imt_sdk_win_64/winarm/armgcc/bin/../lib/gcc/arm-none-eabi/7.2.1/../../../../arm-none-eabi/lib/thumb/v7e-m/fpv4-sp/hard\libg_nano.a(lib_a-nano-svfprintf.o) (memchr)
f:/embedded iti/programms/eclips/imt_sdk_win_64/imt_sdk_win_64/winarm/armgcc/bin/../lib/gcc/arm-none-eabi/7.2.1/../../../../arm-none-eabi/lib/thumb/v7e-m/fpv4-sp/hard\libg_nano.a(lib_a-memmove.o)
                              f:/embedded iti/programms/eclips/imt_sdk_win_64/imt_sdk_win_64/winarm/armgcc/bin/../lib/gcc/arm-none-eabi/7.2.1/../../../../arm-none-eabi/lib/thumb/v7e-m/fpv4-sp/hard\libg_nano.a(lib_a-nano-svfprintf.o) (memmove)
[...]
Memory Configuration

Name             Origin             Length             Attributes
RAM              0x20000000         0x00010000         xrw
CCMRAM           0x10000000         0x00000000         xrw
FLASH            0x08000000         0x00040000         xr
FLASHB1          0x00000000         0x00000000         xr
EXTMEMB0         0x00000000         0x00000000         xr
EXTMEMB1         0x00000000         0x00000000         xr
EXTMEMB2         0x00000000         0x00000000         xr
EXTMEMB3         0x00000000         0x00000000         xr
*default*        0x00000000         0xffffffff

Linker script and memory map

LOAD ./system/src/stm32f4-hal/stm32f4xx_hal.o
LOAD ./system/src/stm32f4-hal/stm32f4xx_hal_cortex.o
LOAD ./system/src/stm32f4-hal/stm32f4xx_hal_dfsdm.o
LOAD ./system/src/stm32f4-hal/stm32f4xx_hal_exti.o
LOAD ./system/src/stm32f4-hal/stm32f4xx_hal_flash.o
LOAD ./system/src/stm32f4-hal/stm32f4xx_hal_gpio.o
LOAD ./system/src/stm32f4-hal/stm32f4xx_hal_iwdg.o
LOAD ./system/src/stm32f4-hal/stm32f4xx_hal_pwr.o
LOAD ./system/src/stm32f4-hal/stm32f4xx_hal_rcc.o
LOAD ./system/src/stm32f4-hal/stm32f4xx_ll_adc.o
LOAD ./system/src/newlib/_cxx.o
LOAD ./system/src/newlib/_exit.o
LOAD ./system/src/newlib/_sbrk.o
LOAD ./system/src/newlib/_startup.o
LOAD ./system/src/newlib/_syscalls.o
LOAD ./system/src/newlib/assert.o
LOAD ./system/src/diag/Trace.o
LOAD ./system/src/diag/trace_impl.o
LOAD ./system/src/cortexm/_initialize_hardware.o
LOAD ./system/src/cortexm/_reset_hardware.o
LOAD ./system/src/cortexm/exception_handlers.o
LOAD ./system/src/cmsis/startup_stm32f401ccux.o
LOAD ./system/src/cmsis/system_stm32f4xx.o
LOAD ./src/MCAL/MUART/MUART_program.o
LOAD ./src/MCAL/MSTK/MSTK_program.o
LOAD ./src/MCAL/MRCC/MRCC_program.o
LOAD ./src/MCAL/MNVIC/MNVIC_program.o
LOAD ./src/MCAL/MGPIO/MGPIO_program.o
LOAD ./src/MCAL/MEXTI/MEXTI_program.o
LOAD ./src/HAL/RockBlock.o
LOAD ./src/_initialize_hardware.o
LOAD ./src/_write.o
LOAD ./src/main.o
LOAD ./src/stm32f4xx_hal_msp.o
LOAD ./FreeRTOS/portable/MemMang/heap_4.o
LOAD ./FreeRTOS/portable/GCC/ARM_CM4F/port.o
LOAD ./FreeRTOS/croutine.o
LOAD ./FreeRTOS/event_groups.o
LOAD ./FreeRTOS/list.o
LOAD ./FreeRTOS/queue.o
LOAD ./FreeRTOS/stream_buffer.o
LOAD ./FreeRTOS/tasks.o
LOAD ./FreeRTOS/timers.o
LOAD f:/embedded iti/programms/eclips/imt_sdk_win_64/imt_sdk_win_64/winarm/armgcc/bin/../lib/gcc/arm-none-eabi/7.2.1/../../../../arm-none-eabi/lib/thumb/v7e-m/fpv4-sp/hard\libstdc++_nano.a
LOAD f:/embedded iti/programms/eclips/imt_sdk_win_64/imt_sdk_win_64/winarm/armgcc/bin/../lib/gcc/arm-none-eabi/7.2.1/../../../../arm-none-eabi/lib/thumb/v7e-m/fpv4-sp/hard\libm.a
START GROUP
LOAD f:/embedded iti/programms/eclips/imt_sdk_win_64/imt_sdk_win_64/winarm/armgcc/bin/../lib/gcc/arm-none-eabi/7.2.1/thumb/v7e-m/fpv4-sp/hard\libgcc.a
LOAD f:/embedded iti/programms/eclips/imt_sdk_win_64/imt_sdk_win_64/winarm/armgcc/bin/../lib/gcc/arm-none-eabi/7.2.1/../../../../arm-none-eabi/lib/thumb/v7e-m/fpv4-sp/hard\libg_nano.a
LOAD f:/embedded iti/programms/eclips/imt_sdk_win_64/imt_sdk_win_64/winarm/armgcc/bin/../lib/gcc/arm-none-eabi/7.2.1/../../../../arm-none-eabi/lib/thumb/v7e-m/fpv4-sp/hard\libc_nano.a
END GROUP
START GROUP
LOAD f:/embedded iti/programms/eclips/imt_sdk_win_64/imt_sdk_win_64/winarm/armgcc/bin/../lib/gcc/arm-none-eabi/7.2.1/thumb/v7e-m/fpv4-sp/hard\libgcc.a
LOAD f:/embedded iti/programms/eclips/imt_sdk_win_64/imt_sdk_win_64/winarm/armgcc/bin/../lib/gcc/arm-none-eabi/7.2.1/../../../../arm-none-eabi/lib/thumb/v7e-m/fpv4-sp/hard\libc_nano.a
END GROUP
                0x20010000                __stack = (ORIGIN (RAM) + LENGTH (RAM))
                0x20010000                _estack = __stack
                0x00000400                __Main_Stack_Size = 0x400
                [!provide]                PROVIDE (_Main_Stack_Size, __Main_Stack_Size)
                0x2000fc00                __Main_Stack_Limit = (__stack - __Main_Stack_Size)
                [!provide]                PROVIDE (_Main_Stack_Limit, __Main_Stack_Limit)
                0x00000100                _Minimum_Stack_Size = 0x100
                0x20002a1c                PROVIDE (_Heap_Begin, _end_noinit)
                0x2000fc00                PROVIDE (_Heap_Limit, (__stack - __Main_Stack_Size))

.isr_vector     0x08000000      0x3f0
 FILL mask 0xff
                0x08000000                __vectors_start = ABSOLUTE (.)
                0x08000000                __vectors_start__ = ABSOLUTE (.)
 *(.isr_vector)
 .isr_vector    0x08000000      0x194 ./system/src/cmsis/startup_stm32f401ccux.o
                0x08000000                g_pfnVectors
 *(.cfmconfig)
 *(.after_vectors .after_vectors.*)
 .after_vectors
                0x08000194      0x130 ./system/src/newlib/_startup.o
                0x08000194                _start
 .after_vectors
                0x080002c4      0x12c ./system/src/cortexm/exception_handlers.o
                0x080002c4                Reset_Handler
                0x080002ca                NMI_Handler
                0x080002ce                HardFault_Handler
                0x080002e2                HardFault_Handler_C
                0x08000340                MemManage_Handler
                0x08000344                BusFault_Handler
                0x08000358                BusFault_Handler_C
                0x0800038c                UsageFault_Handler
                0x080003a0                UsageFault_Handler_C
                0x080003d8                DebugMon_Handler

.inits          0x080003f0       0x28
                0x080003f0                __data_regions_array_start = .
                0x080003f0        0x4 LONG 0x8003858 LOADADDR (.data)
                0x080003f4        0x4 LONG 0x20000000 ADDR (.data)
                0x080003f8        0x4 LONG 0x20000088 (ADDR (.data) + SIZEOF (.data))
                0x080003fc        0x4 LONG 0x8003858 LOADADDR (.data_CCMRAM)
                0x08000400        0x4 LONG 0x10000000 ADDR (.data_CCMRAM)
                0x08000404        0x4 LONG 0x10000000 (ADDR (.data_CCMRAM) + SIZEOF (.data_CCMRAM))
                0x08000408                __data_regions_array_end = .
                0x08000408                __bss_regions_array_start = .
                0x08000408        0x4 LONG 0x20000088 ADDR (.bss)
                0x0800040c        0x4 LONG 0x20002a1c (ADDR (.bss) + SIZEOF (.bss))
                0x08000410        0x4 LONG 0x10000000 ADDR (.bss_CCMRAM)
                0x08000414        0x4 LONG 0x10000000 (ADDR (.bss_CCMRAM) + SIZEOF (.bss_CCMRAM))
                0x08000418                __bss_regions_array_end = .
 *(.init)
 *(.fini)
                0x08000418                . = ALIGN (0x4)
                0x08000418                PROVIDE (__preinit_array_start, .)
 *(.preinit_array_sysinit .preinit_array_sysinit.*)
 *(.preinit_array_platform .preinit_array_platform.*)
 *(.preinit_array .preinit_array.*)
                0x08000418                PROVIDE (__preinit_array_end, .)
                0x08000418                . = ALIGN (0x4)
                0x08000418                PROVIDE (__init_array_start, .)
 *(SORT_BY_NAME(.init_array.*))
 *(.init_array)
                0x08000418                PROVIDE (__init_array_end, .)
                0x08000418                . = ALIGN (0x4)
                0x08000418                PROVIDE (__fini_array_start, .)
 *(SORT_BY_NAME(.fini_array.*))
 *(.fini_array)
                0x08000418                PROVIDE (__fini_array_end, .)

.flashtext
 *(.flashtext .flashtext.*)

.text           0x08000420     0x342f
 *(.text .text.*)
 .text.HAL_InitTick
                0x08000420       0x4c ./system/src/stm32f4-hal/stm32f4xx_hal.o
                0x08000420                HAL_InitTick
 .text.HAL_Init
                0x0800046c       0x34 ./system/src/stm32f4-hal/stm32f4xx_hal.o
                0x0800046c                HAL_Init
 .text.HAL_GetTick
                0x080004a0        0xc ./system/src/stm32f4-hal/stm32f4xx_hal.o
                0x080004a0                HAL_GetTick
 .text.HAL_NVIC_SetPriorityGrouping
                0x080004ac       0x3c ./system/src/stm32f4-hal/stm32f4xx_hal_cortex.o
                0x080004ac                HAL_NVIC_SetPriorityGrouping
 .text.HAL_NVIC_SetPriority
                0x080004e8       0x8c ./system/src/stm32f4-hal/stm32f4xx_hal_cortex.o
                0x080004e8                HAL_NVIC_SetPriority
 .text.HAL_SYSTICK_Config
                0x08000574       0x2c ./system/src/stm32f4-hal/stm32f4xx_hal_cortex.o
                0x08000574                HAL_SYSTICK_Config
 .text.HAL_SYSTICK_CLKSourceConfig
                0x080005a0       0x3c ./system/src/stm32f4-hal/stm32f4xx_hal_cortex.o
                0x080005a0                HAL_SYSTICK_CLKSourceConfig
 .text.HAL_RCC_OscConfig
                0x080005dc      0x500 ./system/src/stm32f4-hal/stm32f4xx_hal_rcc.o
                0x080005dc                HAL_RCC_OscConfig
 .text.HAL_RCC_GetSysClockFreq
                0x08000adc       0xcc ./system/src/stm32f4-hal/stm32f4xx_hal_rcc.o
                0x08000adc                HAL_RCC_GetSysClockFreq
 .text.HAL_RCC_ClockConfig
                0x08000ba8      0x21c ./system/src/stm32f4-hal/stm32f4xx_hal_rcc.o
                0x08000ba8                HAL_RCC_ClockConfig
 .text.HAL_RCC_GetHCLKFreq
                0x08000dc4        0xc ./system/src/stm32f4-hal/stm32f4xx_hal_rcc.o
                0x08000dc4                HAL_RCC_GetHCLKFreq
 .text._exit    0x08000dd0        0x2 ./system/src/newlib/_exit.o
                0x08000dd0                _exit
 *fill*         0x08000dd2        0x2 
 .text.abort    0x08000dd4       0x14 ./system/src/newlib/_exit.o
                0x08000dd4                abort
 .text._sbrk    0x08000de8       0x44 ./system/src/newlib/_sbrk.o
                0x08000de8                _sbrk
 .text.__initialize_args
                0x08000e2c       0x10 ./system/src/newlib/_syscalls.o
                0x08000e2c                __initialize_args
 .text.assert_failed
                0x08000e3c       0x14 ./system/src/newlib/assert.o
                0x08000e3c                assert_failed
 .text.trace_printf
                0x08000e50       0x30 ./system/src/diag/Trace.o
                0x08000e50                trace_printf
 .text.trace_puts
                0x08000e80       0x20 ./system/src/diag/Trace.o
                0x08000e80                trace_puts
 .text._trace_write_semihosting_debug
                0x08000ea0       0x60 ./system/src/diag/trace_impl.o
 .text.trace_write
                0x08000f00        0x8 ./system/src/diag/trace_impl.o
                0x08000f00                trace_write
 .text.__initialize_hardware_early
                0x08000f08       0x24 ./system/src/cortexm/_initialize_hardware.o
                0x08000f08                __initialize_hardware_early
 .text.dumpExceptionStack
                0x08000f2c       0xf4 ./system/src/cortexm/exception_handlers.o
                0x08000f2c                dumpExceptionStack
 .text.isSemihosting
                0x08001020       0x20 ./system/src/cortexm/exception_handlers.o
                0x08001020                isSemihosting
 .text.Default_Handler
                0x08001040        0x2 ./system/src/cmsis/startup_stm32f401ccux.o
                0x08001040                RTC_Alarm_IRQHandler
                0x08001040                SPI4_IRQHandler
                0x08001040                TIM1_CC_IRQHandler
                0x08001040                DMA2_Stream5_IRQHandler
                0x08001040                DMA1_Stream5_IRQHandler
                0x08001040                PVD_IRQHandler
                0x08001040                SDIO_IRQHandler
                0x08001040                TAMP_STAMP_IRQHandler
                0x08001040                TIM1_UP_TIM10_IRQHandler
                0x08001040                I2C3_ER_IRQHandler
                0x08001040                I2C2_EV_IRQHandler
                0x08001040                DMA1_Stream2_IRQHandler
                0x08001040                FPU_IRQHandler
                0x08001040                DMA2_Stream2_IRQHandler
                0x08001040                SPI1_IRQHandler
                0x08001040                TIM1_BRK_TIM9_IRQHandler
                0x08001040                DMA2_Stream3_IRQHandler
                0x08001040                USART6_IRQHandler
                0x08001040                DMA2_Stream0_IRQHandler
                0x08001040                TIM4_IRQHandler
                0x08001040                I2C1_EV_IRQHandler
                0x08001040                DMA1_Stream6_IRQHandler
                0x08001040                DMA1_Stream1_IRQHandler
                0x08001040                TIM3_IRQHandler
                0x08001040                RCC_IRQHandler
                0x08001040                Default_Handler
                0x08001040                ADC_IRQHandler
                0x08001040                DMA1_Stream7_IRQHandler
                0x08001040                TIM5_IRQHandler
                0x08001040                DMA2_Stream7_IRQHandler
                0x08001040                I2C3_EV_IRQHandler
                0x08001040                RTC_WKUP_IRQHandler
                0x08001040                SPI2_IRQHandler
                0x08001040                DMA1_Stream0_IRQHandler
                0x08001040                WWDG_IRQHandler
                0x08001040                TIM2_IRQHandler
                0x08001040                OTG_FS_WKUP_IRQHandler
                0x08001040                TIM1_TRG_COM_TIM11_IRQHandler
                0x08001040                USART2_IRQHandler
                0x08001040                I2C2_ER_IRQHandler
                0x08001040                DMA2_Stream1_IRQHandler
                0x08001040                FLASH_IRQHandler
                0x08001040                DMA2_Stream4_IRQHandler
                0x08001040                OTG_FS_IRQHandler
                0x08001040                SPI3_IRQHandler
                0x08001040                DMA1_Stream4_IRQHandler
                0x08001040                I2C1_ER_IRQHandler
                0x08001040                DMA2_Stream6_IRQHandler
                0x08001040                DMA1_Stream3_IRQHandler
 *fill*         0x08001042        0x2 
 .text.SystemInit
                0x08001044       0x1c ./system/src/cmsis/system_stm32f4xx.o
                0x08001044                SystemInit
 .text.SystemCoreClockUpdate
                0x08001060       0x9c ./system/src/cmsis/system_stm32f4xx.o
                0x08001060                SystemCoreClockUpdate
 .text.MUSART_voidInit
                0x080010fc       0x48 ./src/MCAL/MUART/MUART_program.o
                0x080010fc                MUSART_voidInit
 .text.MUSART_voidRecieveAsynchronous
                0x08001144       0x14 ./src/MCAL/MUART/MUART_program.o
                0x08001144                MUSART_voidRecieveAsynchronous
 .text.MUSART_voidEnable
                0x08001158       0x10 ./src/MCAL/MUART/MUART_program.o
                0x08001158                MUSART_voidEnable
 .text.MUSART_voidSendString
                0x08001168       0x24 ./src/MCAL/MUART/MUART_program.o
                0x08001168                MUSART_voidSendString
 .text.MUSART_voidSetCallBack
                0x0800118c        0xc ./src/MCAL/MUART/MUART_program.o
                0x0800118c                MUSART_voidSetCallBack
 .text.USART1_IRQHandler
                0x08001198       0x10 ./src/MCAL/MUART/MUART_program.o
                0x08001198                USART1_IRQHandler
 .text.MRCC_voidInitializeSystemClock
                0x080011a8       0x28 ./src/MCAL/MRCC/MRCC_program.o
                0x080011a8                MRCC_voidInitializeSystemClock
 .text.MRCC_voidEnablePeripheralClock
                0x080011d0       0xb0 ./src/MCAL/MRCC/MRCC_program.o
                0x080011d0                MRCC_voidEnablePeripheralClock
 .text.MNVIC_voidEnableInterrupt
                0x08001280       0x18 ./src/MCAL/MNVIC/MNVIC_program.o
                0x08001280                MNVIC_voidEnableInterrupt
 .text.MGPIO_voidSetPinMode
                0x08001298       0x74 ./src/MCAL/MGPIO/MGPIO_program.o
                0x08001298                MGPIO_voidSetPinMode
 .text.MGPIO_voidSetOutputType
                0x0800130c       0x68 ./src/MCAL/MGPIO/MGPIO_program.o
                0x0800130c                MGPIO_voidSetOutputType
 .text.MGPIO_voidSetPinValue
                0x08001374       0x94 ./src/MCAL/MGPIO/MGPIO_program.o
                0x08001374                MGPIO_voidSetPinValue
 .text.MGPIO_voidSetAltFunc
                0x08001408       0xd8 ./src/MCAL/MGPIO/MGPIO_program.o
                0x08001408                MGPIO_voidSetAltFunc
 .text.MEXTI_voidEnableEXTI
                0x080014e0       0x14 ./src/MCAL/MEXTI/MEXTI_program.o
                0x080014e0                MEXTI_voidEnableEXTI
 .text.MEXTI_voidTriggerSource
                0x080014f4       0x58 ./src/MCAL/MEXTI/MEXTI_program.o
                0x080014f4                MEXTI_voidTriggerSource
 .text.MEXTI_voidSelectPort
                0x0800154c       0xac ./src/MCAL/MEXTI/MEXTI_program.o
                0x0800154c                MEXTI_voidSelectPort
 .text.MEXTI_voidSetCallBack
                0x080015f8       0x14 ./src/MCAL/MEXTI/MEXTI_program.o
                0x080015f8                MEXTI_voidSetCallBack
 .text.EXTI0_IRQHandler
                0x0800160c       0x20 ./src/MCAL/MEXTI/MEXTI_program.o
                0x0800160c                EXTI0_IRQHandler
 .text.EXTI1_IRQHandler
                0x0800162c       0x20 ./src/MCAL/MEXTI/MEXTI_program.o
                0x0800162c                EXTI1_IRQHandler
 .text.EXTI2_IRQHandler
                0x0800164c       0x20 ./src/MCAL/MEXTI/MEXTI_program.o
                0x0800164c                EXTI2_IRQHandler
 .text.EXTI3_IRQHandler
                0x0800166c       0x20 ./src/MCAL/MEXTI/MEXTI_program.o
                0x0800166c                EXTI3_IRQHandler
 .text.EXTI4_IRQHandler
                0x0800168c       0x20 ./src/MCAL/MEXTI/MEXTI_program.o
                0x0800168c                EXTI4_IRQHandler
 .text.EXTI9_5_IRQHandler
                0x080016ac       0x28 ./src/MCAL/MEXTI/MEXTI_program.o
                0x080016ac                EXTI9_5_IRQHandler
 .text.EXTI15_10_IRQHandler
                0x080016d4       0x28 ./src/MCAL/MEXTI/MEXTI_program.o
                0x080016d4                EXTI15_10_IRQHandler
 .text.Buffering_voidData
                0x080016fc       0x20 ./src/HAL/RockBlock.o
                0x080016fc                Buffering_voidData
 .text.Clear_voidBuffer
                0x0800171c       0x28 ./src/HAL/RockBlock.o
                0x0800171c                Clear_voidBuffer
 .text.CheckRecieve
                0x08001744       0x2c ./src/HAL/RockBlock.o
                0x08001744                CheckRecieve
 .text.Send_Massage
                0x08001770       0x80 ./src/HAL/RockBlock.o
                0x08001770                Send_Massage
 .text.Recive_Massage
                0x080017f0       0xe8 ./src/HAL/RockBlock.o
                0x080017f0                Recive_Massage
 .text.SystemClock_Config
                0x080018d8       0x9c ./src/_initialize_hardware.o
                0x080018d8                SystemClock_Config
 .text.__initialize_hardware
                0x08001974       0x10 ./src/_initialize_hardware.o
                0x08001974                __initialize_hardware
 .text.Receive_Alert
                0x08001984       0x28 ./src/main.o
                0x08001984                Receive_Alert
 .text.Receive_States
                0x080019ac       0x36 ./src/main.o
                0x080019ac                Receive_States
 *fill*         0x080019e2        0x2 
 .text.Interrupt
                0x080019e4       0x28 ./src/main.o
                0x080019e4                Interrupt
 .text.main     0x08001a0c       0xec ./src/main.o
                0x08001a0c                main
 .text.HAL_MspInit
                0x08001af8        0x2 ./src/stm32f4xx_hal_msp.o
                0x08001af8                HAL_MspInit
 *fill*         0x08001afa        0x2 
 .text.prvHeapInit
                0x08001afc       0x68 ./FreeRTOS/portable/MemMang/heap_4.o
 .text.prvInsertBlockIntoFreeList
                0x08001b64       0x58 ./FreeRTOS/portable/MemMang/heap_4.o
 .text.pvPortMalloc
                0x08001bbc      0x128 ./FreeRTOS/portable/MemMang/heap_4.o
                0x08001bbc                pvPortMalloc
 .text.vPortFree
                0x08001ce4       0x7c ./FreeRTOS/portable/MemMang/heap_4.o
                0x08001ce4                vPortFree
 .text.prvTaskExitError
                0x08001d60       0x40 ./FreeRTOS/portable/GCC/ARM_CM4F/port.o
 .text.prvPortStartFirstTask
                0x08001da0       0x28 ./FreeRTOS/portable/GCC/ARM_CM4F/port.o
 .text.vPortEnableVFP
                0x08001dc8       0x14 ./FreeRTOS/portable/GCC/ARM_CM4F/port.o
 .text.pxPortInitialiseStack
                0x08001ddc       0x2c ./FreeRTOS/portable/GCC/ARM_CM4F/port.o
                0x08001ddc                pxPortInitialiseStack
 *fill*         0x08001e08        0x8 
 .text.SVC_Handler
                0x08001e10       0x24 ./FreeRTOS/portable/GCC/ARM_CM4F/port.o
                0x08001e10                SVC_Handler
 .text.vPortEnterCritical
                0x08001e34       0x44 ./FreeRTOS/portable/GCC/ARM_CM4F/port.o
                0x08001e34                vPortEnterCritical
 .text.vPortExitCritical
                0x08001e78       0x2c ./FreeRTOS/portable/GCC/ARM_CM4F/port.o
                0x08001e78                vPortExitCritical
 *fill*         0x08001ea4        0xc 
 .text.PendSV_Handler
                0x08001eb0       0x64 ./FreeRTOS/portable/GCC/ARM_CM4F/port.o
                0x08001eb0                PendSV_Handler
 .text.SysTick_Handler
                0x08001f14       0x2c ./FreeRTOS/portable/GCC/ARM_CM4F/port.o
                0x08001f14                SysTick_Handler
 .text.vPortSetupTimerInterrupt
                0x08001f40       0x24 ./FreeRTOS/portable/GCC/ARM_CM4F/port.o
                0x08001f40                vPortSetupTimerInterrupt
 .text.xPortStartScheduler
                0x08001f64      0x110 ./FreeRTOS/portable/GCC/ARM_CM4F/port.o
                0x08001f64                xPortStartScheduler
 .text.vPortValidateInterruptPriority
                0x08002074       0x5c ./FreeRTOS/portable/GCC/ARM_CM4F/port.o
                0x08002074                vPortValidateInterruptPriority
 .text.vListInitialise
                0x080020d0       0x16 ./FreeRTOS/list.o
                0x080020d0                vListInitialise
 .text.vListInitialiseItem
                0x080020e6        0x6 ./FreeRTOS/list.o
                0x080020e6                vListInitialiseItem
 .text.vListInsertEnd
                0x080020ec       0x18 ./FreeRTOS/list.o
                0x080020ec                vListInsertEnd
 .text.vListInsert
                0x08002104       0x34 ./FreeRTOS/list.o
                0x08002104                vListInsert
 .text.uxListRemove
                0x08002138       0x28 ./FreeRTOS/list.o
                0x08002138                uxListRemove
 .text.prvTaskIsTaskSuspended
                0x08002160       0x40 ./FreeRTOS/tasks.o
 .text.prvResetNextTaskUnblockTime
                0x080021a0       0x28 ./FreeRTOS/tasks.o
 .text.prvDeleteTCB
                0x080021c8       0x12 ./FreeRTOS/tasks.o
 .text.prvInitialiseNewTask
                0x080021da       0xae ./FreeRTOS/tasks.o
 .text.prvInitialiseTaskLists
                0x08002288       0x68 ./FreeRTOS/tasks.o
 .text.prvAddNewTaskToReadyList
                0x080022f0       0x90 ./FreeRTOS/tasks.o
 .text.prvCheckTasksWaitingTermination
                0x08002380       0x4c ./FreeRTOS/tasks.o
 .text.prvIdleTask
                0x080023cc       0x1c ./FreeRTOS/tasks.o
 .text.prvAddCurrentTaskToDelayedList
                0x080023e8       0x98 ./FreeRTOS/tasks.o
 .text.xTaskCreate
                0x08002480       0x62 ./FreeRTOS/tasks.o
                0x08002480                xTaskCreate
 *fill*         0x080024e2        0x2 
 .text.xTaskResumeFromISR
                0x080024e4       0xac ./FreeRTOS/tasks.o
                0x080024e4                xTaskResumeFromISR
 .text.vTaskStartScheduler
                0x08002590       0x84 ./FreeRTOS/tasks.o
                0x08002590                vTaskStartScheduler
 .text.vTaskSuspendAll
                0x08002614       0x10 ./FreeRTOS/tasks.o
                0x08002614                vTaskSuspendAll
 .text.xTaskIncrementTick
                0x08002624       0xe0 ./FreeRTOS/tasks.o
                0x08002624                xTaskIncrementTick
 .text.xTaskResumeAll
                0x08002704       0xd0 ./FreeRTOS/tasks.o
                0x08002704                xTaskResumeAll
 .text.vTaskDelay
                0x080027d4       0x4c ./FreeRTOS/tasks.o
                0x080027d4                vTaskDelay
 .text.vTaskSwitchContext
                0x08002820       0x98 ./FreeRTOS/tasks.o
                0x08002820                vTaskSwitchContext
 .text.vTaskSuspend
                0x080028b8       0xf8 ./FreeRTOS/tasks.o
                0x080028b8                vTaskSuspend
 .text          0x080029b0       0x30 f:/embedded iti/programms/eclips/imt_sdk_win_64/imt_sdk_win_64/winarm/armgcc/bin/../lib/gcc/arm-none-eabi/7.2.1/thumb/v7e-m/fpv4-sp/hard\libgcc.a(_aeabi_uldivmod.o)
                0x080029b0                __aeabi_uldivmod
 .text          0x080029e0      0x2cc f:/embedded iti/programms/eclips/imt_sdk_win_64/imt_sdk_win_64/winarm/armgcc/bin/../lib/gcc/arm-none-eabi/7.2.1/thumb/v7e-m/fpv4-sp/hard\libgcc.a(_udivmoddi4.o)
                0x080029e0                __udivmoddi4
 .text          0x08002cac        0x4 f:/embedded iti/programms/eclips/imt_sdk_win_64/imt_sdk_win_64/winarm/armgcc/bin/../lib/gcc/arm-none-eabi/7.2.1/thumb/v7e-m/fpv4-sp/hard\libgcc.a(_dvmd_tls.o)
                0x08002cac                __aeabi_idiv0
                0x08002cac                __aeabi_ldiv0
 .text.__errno  0x08002cb0        0xc f:/embedded iti/programms/eclips/imt_sdk_win_64/imt_sdk_win_64/winarm/armgcc/bin/../lib/gcc/arm-none-eabi/7.2.1/../../../../arm-none-eabi/lib/thumb/v7e-m/fpv4-sp/hard\libg_nano.a(lib_a-errno.o)
                0x08002cb0                __errno
 .text.memcpy   0x08002cbc       0x16 f:/embedded iti/programms/eclips/imt_sdk_win_64/imt_sdk_win_64/winarm/armgcc/bin/../lib/gcc/arm-none-eabi/7.2.1/../../../../arm-none-eabi/lib/thumb/v7e-m/fpv4-sp/hard\libg_nano.a(lib_a-memcpy-stub.o)
                0x08002cbc                memcpy
 .text.memset   0x08002cd2       0x10 f:/embedded iti/programms/eclips/imt_sdk_win_64/imt_sdk_win_64/winarm/armgcc/bin/../lib/gcc/arm-none-eabi/7.2.1/../../../../arm-none-eabi/lib/thumb/v7e-m/fpv4-sp/hard\libg_nano.a(lib_a-memset.o)
                0x08002cd2                memset
 .text          0x08002ce2       0x10 f:/embedded iti/programms/eclips/imt_sdk_win_64/imt_sdk_win_64/winarm/armgcc/bin/../lib/gcc/arm-none-eabi/7.2.1/../../../../arm-none-eabi/lib/thumb/v7e-m/fpv4-sp/hard\libg_nano.a(lib_a-strlen.o)
                0x08002ce2                strlen
 .text._vsnprintf_r
                0x08002cf2       0x58 f:/embedded iti/programms/eclips/imt_sdk_win_64/imt_sdk_win_64/winarm/armgcc/bin/../lib/gcc/arm-none-eabi/7.2.1/../../../../arm-none-eabi/lib/thumb/v7e-m/fpv4-sp/hard\libg_nano.a(lib_a-vsnprintf.o)
                0x08002cf2                _vsniprintf_r
                0x08002cf2                _vsnprintf_r
 *fill*         0x08002d4a        0x2 
 .text.vsnprintf
                0x08002d4c       0x1c f:/embedded iti/programms/eclips/imt_sdk_win_64/imt_sdk_win_64/winarm/armgcc/bin/../lib/gcc/arm-none-eabi/7.2.1/../../../../arm-none-eabi/lib/thumb/v7e-m/fpv4-sp/hard\libg_nano.a(lib_a-vsnprintf.o)
                0x08002d4c                vsniprintf
                0x08002d4c                vsnprintf
 .text.__ssputs_r
                0x08002d68       0xb4 f:/embedded iti/programms/eclips/imt_sdk_win_64/imt_sdk_win_64/winarm/armgcc/bin/../lib/gcc/arm-none-eabi/7.2.1/../../../../arm-none-eabi/lib/thumb/v7e-m/fpv4-sp/hard\libg_nano.a(lib_a-nano-svfprintf.o)
                0x08002d68                __ssputs_r
 .text._svfprintf_r
                0x08002e1c      0x1ec f:/embedded iti/programms/eclips/imt_sdk_win_64/imt_sdk_win_64/winarm/armgcc/bin/../lib/gcc/arm-none-eabi/7.2.1/../../../../arm-none-eabi/lib/thumb/v7e-m/fpv4-sp/hard\libg_nano.a(lib_a-nano-svfprintf.o)
                0x08002e1c                _svfiprintf_r
                0x08002e1c                _svfprintf_r
 .text._printf_common
                0x08003008       0xea f:/embedded iti/programms/eclips/imt_sdk_win_64/imt_sdk_win_64/winarm/armgcc/bin/../lib/gcc/arm-none-eabi/7.2.1/../../../../arm-none-eabi/lib/thumb/v7e-m/fpv4-sp/hard\libg_nano.a(lib_a-nano-vfprintf_i.o)
                0x08003008                _printf_common
 *fill*         0x080030f2        0x2 
 .text._printf_i
                0x080030f4      0x224 f:/embedded iti/programms/eclips/imt_sdk_win_64/imt_sdk_win_64/winarm/armgcc/bin/../lib/gcc/arm-none-eabi/7.2.1/../../../../arm-none-eabi/lib/thumb/v7e-m/fpv4-sp/hard\libg_nano.a(lib_a-nano-vfprintf_i.o)
                0x080030f4                _printf_i
 *fill*         0x08003318        0x8 
 .text          0x08003320       0xa0 f:/embedded iti/programms/eclips/imt_sdk_win_64/imt_sdk_win_64/winarm/armgcc/bin/../lib/gcc/arm-none-eabi/7.2.1/../../../../arm-none-eabi/lib/thumb/v7e-m/fpv4-sp/hard\libg_nano.a(lib_a-memchr.o)
                0x08003320                memchr
 .text.memmove  0x080033c0       0x32 f:/embedded iti/programms/eclips/imt_sdk_win_64/imt_sdk_win_64/winarm/armgcc/bin/../lib/gcc/arm-none-eabi/7.2.1/../../../../arm-none-eabi/lib/thumb/v7e-m/fpv4-sp/hard\libg_nano.a(lib_a-memmove.o)
                0x080033c0                memmove
 *fill*         0x080033f2        0x2 
 .text._free_r  0x080033f4       0x9c f:/embedded iti/programms/eclips/imt_sdk_win_64/imt_sdk_win_64/winarm/armgcc/bin/../lib/gcc/arm-none-eabi/7.2.1/../../../../arm-none-eabi/lib/thumb/v7e-m/fpv4-sp/hard\libg_nano.a(lib_a-nano-freer.o)
                0x080033f4                _free_r
 .text._malloc_r
                0x08003490       0xb4 f:/embedded iti/programms/eclips/imt_sdk_win_64/imt_sdk_win_64/winarm/armgcc/bin/../lib/gcc/arm-none-eabi/7.2.1/../../../../arm-none-eabi/lib/thumb/v7e-m/fpv4-sp/hard\libg_nano.a(lib_a-nano-mallocr.o)
                0x08003490                _malloc_r
 .text._realloc_r
                0x08003544       0x4c f:/embedded iti/programms/eclips/imt_sdk_win_64/imt_sdk_win_64/winarm/armgcc/bin/../lib/gcc/arm-none-eabi/7.2.1/../../../../arm-none-eabi/lib/thumb/v7e-m/fpv4-sp/hard\libg_nano.a(lib_a-nano-reallocr.o)
                0x08003544                _realloc_r
 .text._sbrk_r  0x08003590       0x20 f:/embedded iti/programms/eclips/imt_sdk_win_64/imt_sdk_win_64/winarm/armgcc/bin/../lib/gcc/arm-none-eabi/7.2.1/../../../../arm-none-eabi/lib/thumb/v7e-m/fpv4-sp/hard\libg_nano.a(lib_a-sbrkr.o)
                0x08003590                _sbrk_r
 .text.__malloc_lock
                0x080035b0        0x2 f:/embedded iti/programms/eclips/imt_sdk_win_64/imt_sdk_win_64/winarm/armgcc/bin/../lib/gcc/arm-none-eabi/7.2.1/../../../../arm-none-eabi/lib/thumb/v7e-m/fpv4-sp/hard\libg_nano.a(lib_a-mlock.o)
                0x080035b0                __malloc_lock
 .text.__malloc_unlock
                0x080035b2        0x2 f:/embedded iti/programms/eclips/imt_sdk_win_64/imt_sdk_win_64/winarm/armgcc/bin/../lib/gcc/arm-none-eabi/7.2.1/../../../../arm-none-eabi/lib/thumb/v7e-m/fpv4-sp/hard\libg_nano.a(lib_a-mlock.o)
                0x080035b2                __malloc_unlock
 .text._malloc_usable_size_r
                0x080035b4       0x10 f:/embedded iti/programms/eclips/imt_sdk_win_64/imt_sdk_win_64/winarm/armgcc/bin/../lib/gcc/arm-none-eabi/7.2.1/../../../../arm-none-eabi/lib/thumb/v7e-m/fpv4-sp/hard\libg_nano.a(lib_a-nano-msizer.o)
                0x080035b4                _malloc_usable_size_r
 *(.rodata .rodata.* .constdata .constdata.*)
 .rodata.HAL_NVIC_SetPriorityGrouping.str1.4
                0x080035c4       0x31 ./system/src/stm32f4-hal/stm32f4xx_hal_cortex.o
 *fill*         0x080035f5        0x3 
 .rodata.HAL_RCC_OscConfig.str1.4
                0x080035f8       0x2e ./system/src/stm32f4-hal/stm32f4xx_hal_rcc.o
 *fill*         0x08003626        0x2 
 .rodata.abort.str1.4
                0x08003628       0x14 ./system/src/newlib/_exit.o
 .rodata.assert_failed.str1.4
                0x0800363c       0x2b ./system/src/newlib/assert.o
 .rodata.trace_puts.str1.4
                0x08003667       0x2b ./system/src/diag/Trace.o
                                  0x2 (size before relaxing)
 *fill*         0x08003667        0x1 
 .rodata.dumpExceptionStack.str1.4
                0x08003668      0x11a ./system/src/cortexm/exception_handlers.o
 *fill*         0x08003782        0x2 
 .rodata.str1.4
                0x08003784       0x2a ./system/src/cortexm/exception_handlers.o
 *fill*         0x080037ae        0x2 
 .rodata.AHBPrescTable
                0x080037b0       0x10 ./system/src/cmsis/system_stm32f4xx.o
                0x080037b0                AHBPrescTable
 .rodata.Recive_Massage.str1.4
                0x080037c0       0x1f ./src/HAL/RockBlock.o
 *fill*         0x080037df        0x1 
 .rodata.Send_Massage.str1.4
                0x080037e0       0x19 ./src/HAL/RockBlock.o
 *fill*         0x080037f9        0x3 
 .rodata.Receive_Alert.str1.4
                0x080037fc        0x6 ./src/main.o
 *fill*         0x08003802        0x2 
 .rodata.main.str1.4
                0x08003804        0xe ./src/main.o
 *fill*         0x08003812        0x2 
 .rodata.vTaskStartScheduler.str1.4
                0x08003814        0x8 ./FreeRTOS/tasks.o
                                  0x5 (size before relaxing)
 .rodata._svfprintf_r.str1.1
                0x0800381c       0x11 f:/embedded iti/programms/eclips/imt_sdk_win_64/imt_sdk_win_64/winarm/armgcc/bin/../lib/gcc/arm-none-eabi/7.2.1/../../../../arm-none-eabi/lib/thumb/v7e-m/fpv4-sp/hard\libg_nano.a(lib_a-nano-svfprintf.o)
 .rodata._printf_i.str1.1
                0x0800382d       0x22 f:/embedded iti/programms/eclips/imt_sdk_win_64/imt_sdk_win_64/winarm/armgcc/bin/../lib/gcc/arm-none-eabi/7.2.1/../../../../arm-none-eabi/lib/thumb/v7e-m/fpv4-sp/hard\libg_nano.a(lib_a-nano-vfprintf_i.o)
 *(vtable)
 *(.eh_frame*)
 *(.glue_7)
 .glue_7        0x0800384f        0x0 linker stubs
 *(.glue_7t)
 .glue_7t       0x0800384f        0x0 linker stubs

.vfp11_veneer   0x08003850        0x0
 .vfp11_veneer  0x08003850        0x0 linker stubs

.v4_bx          0x08003850        0x0
 .v4_bx         0x08003850        0x0 linker stubs

.iplt           0x08003850        0x0
 .iplt          0x08003850        0x0 ./system/src/stm32f4-hal/stm32f4xx_hal.o

.ARM.extab
 *(.ARM.extab* .gnu.linkonce.armextab.*)
                0x08003850                . = ALIGN (0x4)
                0x08003850                __exidx_start = .

.ARM.exidx      0x08003850        0x8
 *(.ARM.exidx* .gnu.linkonce.armexidx.*)
 .ARM.exidx     0x08003850        0x8 f:/embedded iti/programms/eclips/imt_sdk_win_64/imt_sdk_win_64/winarm/armgcc/bin/../lib/gcc/arm-none-eabi/7.2.1/thumb/v7e-m/fpv4-sp/hard\libgcc.a(_udivmoddi4.o)
                0x08003858                __exidx_end = .

.rel.dyn        0x08003858        0x0
 .rel.iplt      0x08003858        0x0 ./system/src/stm32f4-hal/stm32f4xx_hal.o
                0x08003858                . = ALIGN (0x4)
                0x08003858                _etext = .
                0x08003858                __etext = .

.data_CCMRAM    0x10000000        0x0 load address 0x08003858
 FILL mask 0xff
 *(.data.CCMRAM .data.CCMRAM.*)
                0x10000000                . = ALIGN (0x4)
                0x08003858                _sidata = LOADADDR (.data)

.data           0x20000000       0x88 load address 0x08003858
 FILL mask 0xff
                0x20000000                _sdata = .
                0x20000000                __data_start__ = .
 *(.data_begin .data_begin.*)
 .data_begin    0x20000000        0x4 ./system/src/newlib/_startup.o
 *(.data .data.*)
 .data.uwTickFreq
                0x20000004        0x1 ./system/src/stm32f4-hal/stm32f4xx_hal.o
                0x20000004                uwTickFreq
 *fill*         0x20000005        0x3 ff
 .data.uwTickPrio
                0x20000008        0x4 ./system/src/stm32f4-hal/stm32f4xx_hal.o
                0x20000008                uwTickPrio
 .data.argv.5585
                0x2000000c        0x8 ./system/src/newlib/_syscalls.o
 .data.SystemCoreClock
                0x20000014        0x4 ./system/src/cmsis/system_stm32f4xx.o
                0x20000014                SystemCoreClock
 .data.uxCriticalNesting
                0x20000018        0x4 ./FreeRTOS/portable/GCC/ARM_CM4F/port.o
 .data.uxTopUsedPriority
                0x2000001c        0x4 ./FreeRTOS/tasks.o
                0x2000001c                uxTopUsedPriority
 .data._impure_ptr
                0x20000020        0x4 f:/embedded iti/programms/eclips/imt_sdk_win_64/imt_sdk_win_64/winarm/armgcc/bin/../lib/gcc/arm-none-eabi/7.2.1/../../../../arm-none-eabi/lib/thumb/v7e-m/fpv4-sp/hard\libg_nano.a(lib_a-impure.o)
                0x20000020                _impure_ptr
 .data.impure_data
                0x20000024       0x60 f:/embedded iti/programms/eclips/imt_sdk_win_64/imt_sdk_win_64/winarm/armgcc/bin/../lib/gcc/arm-none-eabi/7.2.1/../../../../arm-none-eabi/lib/thumb/v7e-m/fpv4-sp/hard\libg_nano.a(lib_a-impure.o)
 *(.data_end .data_end.*)
 .data_end      0x20000084        0x4 ./system/src/newlib/_startup.o
                0x20000088                . = ALIGN (0x4)
                0x20000088                _edata = .
                0x20000088                __data_end__ = .

.igot.plt       0x20000088        0x0 load address 0x080038e0
 .igot.plt      0x20000088        0x0 ./system/src/stm32f4-hal/stm32f4xx_hal.o

.bss_CCMRAM     0x10000000        0x0
 *(.bss.CCMRAM .bss.CCMRAM.*)

.bss            0x20000088     0x2994
                0x20000088                __bss_start__ = .
                0x20000088                _sbss = .
 *(.bss_begin .bss_begin.*)
 .bss_begin     0x20000088        0x4 ./system/src/newlib/_startup.o
 *(.bss .bss.*)
 .bss.current_heap_end.5236
                0x2000008c        0x4 ./system/src/newlib/_sbrk.o
 .bss.name.5584
                0x20000090        0x1 ./system/src/newlib/_syscalls.o
 *fill*         0x20000091        0x3 
 .bss.buf.6480  0x20000094       0x80 ./system/src/diag/Trace.o
 .bss.Gpv_MUSART_CallBACK_Func
                0x20000114        0x4 ./src/MCAL/MUART/MUART_program.o
                0x20000114                Gpv_MUSART_CallBACK_Func
 .bss.GlobalFlag
                0x20000118        0x1 ./src/MCAL/MEXTI/MEXTI_program.o
                0x20000118                GlobalFlag
 *fill*         0x20000119        0x3 
 .bss.MEXTI_GpvCallBackFunc
                0x2000011c       0x3c ./src/MCAL/MEXTI/MEXTI_program.o
 .bss.Error_Flag
                0x20000158        0x1 ./src/HAL/RockBlock.o
                0x20000158                Error_Flag
 .bss.Global_u8Counter
                0x20000159        0x1 ./src/HAL/RockBlock.o
 *fill*         0x2000015a        0x2 
 .bss.Global_u8Data
                0x2000015c       0x32 ./src/HAL/RockBlock.o
 *fill*         0x2000018e        0x2 
 .bss.Message_Buffer.5373
                0x20000190       0x32 ./src/HAL/RockBlock.o
 *fill*         0x200001c2        0x2 
 .bss.VReceive_Alert
                0x200001c4        0x4 ./src/main.o
                0x200001c4                VReceive_Alert
 .bss.VReceive_States
                0x200001c8        0x4 ./src/main.o
                0x200001c8                VReceive_States
 .bss.pxEnd     0x200001cc        0x4 ./FreeRTOS/portable/MemMang/heap_4.o
 .bss.ucHeap    0x200001d0     0x2710 ./FreeRTOS/portable/MemMang/heap_4.o
 .bss.xBlockAllocatedBit
                0x200028e0        0x4 ./FreeRTOS/portable/MemMang/heap_4.o
 .bss.xFreeBytesRemaining
                0x200028e4        0x4 ./FreeRTOS/portable/MemMang/heap_4.o
 .bss.xMinimumEverFreeBytesRemaining
                0x200028e8        0x4 ./FreeRTOS/portable/MemMang/heap_4.o
 .bss.xNumberOfSuccessfulAllocations
                0x200028ec        0x4 ./FreeRTOS/portable/MemMang/heap_4.o
 .bss.xNumberOfSuccessfulFrees
                0x200028f0        0x4 ./FreeRTOS/portable/MemMang/heap_4.o
 .bss.xStart    0x200028f4        0x8 ./FreeRTOS/portable/MemMang/heap_4.o
 .bss.ucMaxSysCallPriority
                0x200028fc        0x1 ./FreeRTOS/portable/GCC/ARM_CM4F/port.o
 *fill*         0x200028fd        0x3 
 .bss.ulMaxPRIGROUPValue
                0x20002900        0x4 ./FreeRTOS/portable/GCC/ARM_CM4F/port.o
 .bss.pxCurrentTCB
                0x20002904        0x4 ./FreeRTOS/tasks.o
                0x20002904                pxCurrentTCB
 .bss.pxDelayedTaskList
                0x20002908        0x4 ./FreeRTOS/tasks.o
 .bss.pxOverflowDelayedTaskList
                0x2000290c        0x4 ./FreeRTOS/tasks.o
 .bss.pxReadyTasksLists
                0x20002910       0x64 ./FreeRTOS/tasks.o
 .bss.uxCurrentNumberOfTasks
                0x20002974        0x4 ./FreeRTOS/tasks.o
 .bss.uxDeletedTasksWaitingCleanUp
                0x20002978        0x4 ./FreeRTOS/tasks.o
 .bss.uxSchedulerSuspended
                0x2000297c        0x4 ./FreeRTOS/tasks.o
 .bss.uxTaskNumber
                0x20002980        0x4 ./FreeRTOS/tasks.o
 .bss.uxTopReadyPriority
                0x20002984        0x4 ./FreeRTOS/tasks.o
 .bss.xDelayedTaskList1
                0x20002988       0x14 ./FreeRTOS/tasks.o
 .bss.xDelayedTaskList2
                0x2000299c       0x14 ./FreeRTOS/tasks.o
 .bss.xIdleTaskHandle
                0x200029b0        0x4 ./FreeRTOS/tasks.o
 .bss.xNextTaskUnblockTime
                0x200029b4        0x4 ./FreeRTOS/tasks.o
 .bss.xNumOfOverflows
                0x200029b8        0x4 ./FreeRTOS/tasks.o
 .bss.xPendedTicks
                0x200029bc        0x4 ./FreeRTOS/tasks.o
 .bss.xPendingReadyList
                0x200029c0       0x14 ./FreeRTOS/tasks.o
 .bss.xSchedulerRunning
                0x200029d4        0x4 ./FreeRTOS/tasks.o
 .bss.xSuspendedTaskList
                0x200029d8       0x14 ./FreeRTOS/tasks.o
 .bss.xTasksWaitingTermination
                0x200029ec       0x14 ./FreeRTOS/tasks.o
 .bss.xTickCount
                0x20002a00        0x4 ./FreeRTOS/tasks.o
 .bss.xYieldPending
                0x20002a04        0x4 ./FreeRTOS/tasks.o
 .bss.__malloc_free_list
                0x20002a08        0x4 f:/embedded iti/programms/eclips/imt_sdk_win_64/imt_sdk_win_64/winarm/armgcc/bin/../lib/gcc/arm-none-eabi/7.2.1/../../../../arm-none-eabi/lib/thumb/v7e-m/fpv4-sp/hard\libg_nano.a(lib_a-nano-mallocr.o)
                0x20002a08                __malloc_free_list
 .bss.__malloc_sbrk_start
                0x20002a0c        0x4 f:/embedded iti/programms/eclips/imt_sdk_win_64/imt_sdk_win_64/winarm/armgcc/bin/../lib/gcc/arm-none-eabi/7.2.1/../../../../arm-none-eabi/lib/thumb/v7e-m/fpv4-sp/hard\libg_nano.a(lib_a-nano-mallocr.o)
                0x20002a0c                __malloc_sbrk_start
 *(COMMON)
 COMMON         0x20002a10        0x4 ./system/src/stm32f4-hal/stm32f4xx_hal.o
                0x20002a10                uwTick
 COMMON         0x20002a14        0x4 ./system/src/newlib/_syscalls.o
                0x20002a14                errno
 *(.bss_end .bss_end.*)
 .bss_end       0x20002a18        0x4 ./system/src/newlib/_startup.o
                0x20002a1c                . = ALIGN (0x4)
                0x20002a1c                __bss_end__ = .
                0x20002a1c                _ebss = .

.noinit_CCMRAM
 *(.noinit.CCMRAM .noinit.CCMRAM.*)

.noinit         0x20002a1c        0x0
                0x20002a1c                _noinit = .
 *(.noinit .noinit.*)
                0x20002a1c                . = ALIGN (0x4)
                0x20002a1c                _end_noinit = .
                [!provide]                PROVIDE (end, _end_noinit)
                [!provide]                PROVIDE (_end, _end_noinit)
                [!provide]                PROVIDE (__end, _end_noinit)
                [!provide]                PROVIDE (__end__, _end_noinit)

._check_stack   0x20002a1c      0x100
                0x20002b1c                . = (. + _Minimum_Stack_Size)
 *fill*         0x20002a1c      0x100 

.b1text
 *(.b1text)
 *(.b1rodata)
 *(.b1rodata.*)

.eb0text
 *(.eb0text)
 *(.eb0rodata)
 *(.eb0rodata.*)

.eb1text
 *(.eb1text)
 *(.eb1rodata)
 *(.eb1rodata.*)

.eb2text
 *(.eb2text)
 *(.eb2rodata)
 *(.eb2rodata.*)

.eb3text
 *(.eb3text)
 *(.eb3rodata)
 *(.eb3rodata.*)

.stab
 *(.stab)

.stabstr
 *(.stabstr)

.stab.excl
 *(.stab.excl)

.stab.exclstr
 *(.stab.exclstr)

.stab.index
 *(.stab.index)

.stab.indexstr
 *(.stab.indexstr)

.comment        0x00000000       0x7e
 *(.comment)
 .comment       0x00000000       0x7e ./system/src/stm32f4-hal/stm32f4xx_hal.o
                                 0x7f (size before relaxing)
 .comment       0x0000007e       0x7f ./system/src/stm32f4-hal/stm32f4xx_hal_cortex.o
 .comment       0x0000007e       0x7f ./system/src/stm32f4-hal/stm32f4xx_hal_rcc.o
 .comment       0x0000007e       0x7f ./system/src/newlib/_exit.o
 .comment       0x0000007e       0x7f ./system/src/newlib/_sbrk.o
 .comment       0x0000007e       0x7f ./system/src/newlib/_startup.o
 .comment       0x0000007e       0x7f ./system/src/newlib/_syscalls.o
 .comment       0x0000007e       0x7f ./system/src/newlib/assert.o
 .comment       0x0000007e       0x7f ./system/src/diag/Trace.o
 .comment       0x0000007e       0x7f ./system/src/diag/trace_impl.o
 .comment       0x0000007e       0x7f ./system/src/cortexm/_initialize_hardware.o
 .comment       0x0000007e       0x7f ./system/src/cortexm/exception_handlers.o
 .comment       0x0000007e       0x7f ./system/src/cmsis/system_stm32f4xx.o
 .comment       0x0000007e       0x7f ./src/MCAL/MUART/MUART_program.o
 .comment       0x0000007e       0x7f ./src/MCAL/MRCC/MRCC_program.o
 .comment       0x0000007e       0x7f ./src/MCAL/MNVIC/MNVIC_program.o
 .comment       0x0000007e       0x7f ./src/MCAL/MGPIO/MGPIO_program.o
 .comment       0x0000007e       0x7f ./src/MCAL/MEXTI/MEXTI_program.o
 .comment       0x0000007e       0x7f ./src/HAL/RockBlock.o
 .comment       0x0000007e       0x7f ./src/_initialize_hardware.o
 .comment       0x0000007e       0x7f ./src/main.o
 .comment       0x0000007e       0x7f ./src/stm32f4xx_hal_msp.o
 .comment       0x0000007e       0x7f ./FreeRTOS/portable/MemMang/heap_4.o
 .comment       0x0000007e       0x7f ./FreeRTOS/portable/GCC/ARM_CM4F/port.o
 .comment       0x0000007e       0x7f ./FreeRTOS/list.o
 .comment       0x0000007e       0x7f ./FreeRTOS/tasks.o

.ARM.attributes
                0x00000000       0x37
 .ARM.attributes
                0x00000000       0x39 ./system/src/stm32f4-hal/stm32f4xx_hal.o
 .ARM.attributes
                0x00000039       0x39 ./system/src/stm32f4-hal/stm32f4xx_hal_cortex.o
 .ARM.attributes
                0x00000072       0x39 ./system/src/stm32f4-hal/stm32f4xx_hal_rcc.o
 .ARM.attributes
                0x000000ab       0x39 ./system/src/newlib/_exit.o
 .ARM.attributes
                0x000000e4       0x39 ./system/src/newlib/_sbrk.o
 .ARM.attributes
                0x0000011d       0x39 ./system/src/newlib/_startup.o
 .ARM.attributes
                0x00000156       0x39 ./system/src/newlib/_syscalls.o
 .ARM.attributes
                0x0000018f       0x39 ./system/src/newlib/assert.o
 .ARM.attributes
                0x000001c8       0x39 ./system/src/diag/Trace.o
 .ARM.attributes
                0x00000201       0x39 ./system/src/diag/trace_impl.o
 .ARM.attributes
                0x0000023a       0x39 ./system/src/cortexm/_initialize_hardware.o
 .ARM.attributes
                0x00000273       0x39 ./system/src/cortexm/exception_handlers.o
 .ARM.attributes
                0x000002ac       0x21 ./system/src/cmsis/startup_stm32f401ccux.o
 .ARM.attributes
                0x000002cd       0x39 ./system/src/cmsis/system_stm32f4xx.o
 .ARM.attributes
                0x00000306       0x39 ./src/MCAL/MUART/MUART_program.o
 .ARM.attributes
                0x0000033f       0x39 ./src/MCAL/MRCC/MRCC_program.o
 .ARM.attributes
                0x00000378       0x39 ./src/MCAL/MNVIC/MNVIC_program.o
 .ARM.attributes
                0x000003b1       0x39 ./src/MCAL/MGPIO/MGPIO_program.o
 .ARM.attributes
                0x000003ea       0x39 ./src/MCAL/MEXTI/MEXTI_program.o
 .ARM.attributes
                0x00000423       0x39 ./src/HAL/RockBlock.o
 .ARM.attributes
                0x0000045c       0x39 ./src/_initialize_hardware.o
 .ARM.attributes
                0x00000495       0x39 ./src/main.o
 .ARM.attributes
                0x000004ce       0x39 ./src/stm32f4xx_hal_msp.o
 .ARM.attributes
                0x00000507       0x39 ./FreeRTOS/portable/MemMang/heap_4.o
 .ARM.attributes
                0x00000540       0x39 ./FreeRTOS/portable/GCC/ARM_CM4F/port.o
 .ARM.attributes
                0x00000579       0x39 ./FreeRTOS/list.o
 .ARM.attributes
                0x000005b2       0x39 ./FreeRTOS/tasks.o
 .ARM.attributes
                0x000005eb       0x22 f:/embedded iti/programms/eclips/imt_sdk_win_64/imt_sdk_win_64/winarm/armgcc/bin/../lib/gcc/arm-none-eabi/7.2.1/thumb/v7e-m/fpv4-sp/hard\libgcc.a(_aeabi_uldivmod.o)
 .ARM.attributes
                0x0000060d       0x34 f:/embedded iti/programms/eclips/imt_sdk_win_64/imt_sdk_win_64/winarm/armgcc/bin/../lib/gcc/arm-none-eabi/7.2.1/thumb/v7e-m/fpv4-sp/hard\libgcc.a(_udivmoddi4.o)
 .ARM.attributes
                0x00000641       0x22 f:/embedded iti/programms/eclips/imt_sdk_win_64/imt_sdk_win_64/winarm/armgcc/bin/../lib/gcc/arm-none-eabi/7.2.1/thumb/v7e-m/fpv4-sp/hard\libgcc.a(_dvmd_tls.o)
 .ARM.attributes
                0x00000663       0x34 f:/embedded iti/programms/eclips/imt_sdk_win_64/imt_sdk_win_64/winarm/armgcc/bin/../lib/gcc/arm-none-eabi/7.2.1/../../../../arm-none-eabi/lib/thumb/v7e-m/fpv4-sp/hard\libg_nano.a(lib_a-errno.o)
 .ARM.attributes
                0x00000697       0x34 f:/embedded iti/programms/eclips/imt_sdk_win_64/imt_sdk_win_64/winarm/armgcc/bin/../lib/gcc/arm-none-eabi/7.2.1/../../../../arm-none-eabi/lib/thumb/v7e-m/fpv4-sp/hard\libg_nano.a(lib_a-impure.o)
 .ARM.attributes
                0x000006cb       0x34 f:/embedded iti/programms/eclips/imt_sdk_win_64/imt_sdk_win_64/winarm/armgcc/bin/../lib/gcc/arm-none-eabi/7.2.1/../../../../arm-none-eabi/lib/thumb/v7e-m/fpv4-sp/hard\libg_nano.a(lib_a-memcpy-stub.o)
 .ARM.attributes
                0x000006ff       0x34 f:/embedded iti/programms/eclips/imt_sdk_win_64/imt_sdk_win_64/winarm/armgcc/bin/../lib/gcc/arm-none-eabi/7.2.1/../../../../arm-none-eabi/lib/thumb/v7e-m/fpv4-sp/hard\libg_nano.a(lib_a-memset.o)
 .ARM.attributes
                0x00000733       0x1b f:/embedded iti/programms/eclips/imt_sdk_win_64/imt_sdk_win_64/winarm/armgcc/bin/../lib/gcc/arm-none-eabi/7.2.1/../../../../arm-none-eabi/lib/thumb/v7e-m/fpv4-sp/hard\libg_nano.a(lib_a-strlen.o)
 .ARM.attributes
                0x0000074e       0x34 f:/embedded iti/programms/eclips/imt_sdk_win_64/imt_sdk_win_64/winarm/armgcc/bin/../lib/gcc/arm-none-eabi/7.2.1/../../../../arm-none-eabi/lib/thumb/v7e-m/fpv4-sp/hard\libg_nano.a(lib_a-vsnprintf.o)
 .ARM.attributes
                0x00000782       0x34 f:/embedded iti/programms/eclips/imt_sdk_win_64/imt_sdk_win_64/winarm/armgcc/bin/../lib/gcc/arm-none-eabi/7.2.1/../../../../arm-none-eabi/lib/thumb/v7e-m/fpv4-sp/hard\libg_nano.a(lib_a-nano-svfprintf.o)
 .ARM.attributes
                0x000007b6       0x34 f:/embedded iti/programms/eclips/imt_sdk_win_64/imt_sdk_win_64/winarm/armgcc/bin/../lib/gcc/arm-none-eabi/7.2.1/../../../../arm-none-eabi/lib/thumb/v7e-m/fpv4-sp/hard\libg_nano.a(lib_a-nano-vfprintf_i.o)
 .ARM.attributes
                0x000007ea       0x20 f:/embedded iti/programms/eclips/imt_sdk_win_64/imt_sdk_win_64/winarm/armgcc/bin/../lib/gcc/arm-none-eabi/7.2.1/../../../../arm-none-eabi/lib/thumb/v7e-m/fpv4-sp/hard\libg_nano.a(lib_a-memchr.o)
 .ARM.attributes
                0x0000080a       0x34 f:/embedded iti/programms/eclips/imt_sdk_win_64/imt_sdk_win_64/winarm/armgcc/bin/../lib/gcc/arm-none-eabi/7.2.1/../../../../arm-none-eabi/lib/thumb/v7e-m/fpv4-sp/hard\libg_nano.a(lib_a-memmove.o)
 .ARM.attributes
                0x0000083e       0x34 f:/embedded iti/programms/eclips/imt_sdk_win_64/imt_sdk_win_64/winarm/armgcc/bin/../lib/gcc/arm-none-eabi/7.2.1/../../../../arm-none-eabi/lib/thumb/v7e-m/fpv4-sp/hard\libg_nano.a(lib_a-nano-freer.o)
 .ARM.attributes
                0x00000872       0x34 f:/embedded iti/programms/eclips/imt_sdk_win_64/imt_sdk_win_64/winarm/armgcc/bin/../lib/gcc/arm-none-eabi/7.2.1/../../../../arm-none-eabi/lib/thumb/v7e-m/fpv4-sp/hard\libg_nano.a(lib_a-nano-mallocr.o)
 .ARM.attributes
                0x000008a6       0x34 f:/embedded iti/programms/eclips/imt_sdk_win_64/imt_sdk_win_64/winarm/armgcc/bin/../lib/gcc/arm-none-eabi/7.2.1/../../../../arm-none-eabi/lib/thumb/v7e-m/fpv4-sp/hard\libg_nano.a(lib_a-nano-reallocr.o)
 .ARM.attributes
                0x000008da       0x34 f:/embedded iti/programms/eclips/imt_sdk_win_64/imt_sdk_win_64/winarm/armgcc/bin/../lib/gcc/arm-none-eabi/7.2.1/../../../../arm-none-eabi/lib/thumb/v7e-m/fpv4-sp/hard\libg_nano.a(lib_a-sbrkr.o)
 .ARM.attributes
                0x0000090e       0x34 f:/embedded iti/programms/eclips/imt_sdk_win_64/imt_sdk_win_64/winarm/armgcc/bin/../lib/gcc/arm-none-eabi/7.2.1/../../../../arm-none-eabi/lib/thumb/v7e-m/fpv4-sp/hard\libg_nano.a(lib_a-mlock.o)
 .ARM.attributes
                0x00000942       0x34 f:/embedded iti/programms/eclips/imt_sdk_win_64/imt_sdk_win_64/winarm/armgcc/bin/../lib/gcc/arm-none-eabi/7.2.1/../../../../arm-none-eabi/lib/thumb/v7e-m/fpv4-sp/hard\libg_nano.a(lib_a-nano-msizer.o)

.debug
 *(.debug)

.line
 *(.line)

.debug_srcinfo
 *(.debug_srcinfo)

.debug_sfnames
 *(.debug_sfnames)

.debug_aranges  0x00000000      0xa10
 *(.debug_aranges)
 .debug_aranges
                0x00000000       0xf0 ./system/src/stm32f4-hal/stm32f4xx_hal.o
 .debug_aranges
                0x000000f0       0xb0 ./system/src/stm32f4-hal/stm32f4xx_hal_cortex.o
 .debug_aranges
                0x000001a0       0x88 ./system/src/stm32f4-hal/stm32f4xx_hal_rcc.o
 .debug_aranges
                0x00000228       0x28 ./system/src/newlib/_exit.o
 .debug_aranges
                0x00000250       0x20 ./system/src/newlib/_sbrk.o
 .debug_aranges
                0x00000270       0x40 ./system/src/newlib/_startup.o
 .debug_aranges
                0x000002b0       0x30 ./system/src/newlib/_syscalls.o
 .debug_aranges
                0x000002e0       0x28 ./system/src/newlib/assert.o
 .debug_aranges
                0x00000308       0x38 ./system/src/diag/Trace.o
 .debug_aranges
                0x00000340       0x30 ./system/src/diag/trace_impl.o
 .debug_aranges
                0x00000370       0x28 ./system/src/cortexm/_initialize_hardware.o
 .debug_aranges
                0x00000398       0x90 ./system/src/cortexm/exception_handlers.o
 .debug_aranges
                0x00000428       0x28 ./system/src/cmsis/startup_stm32f401ccux.o
 .debug_aranges
                0x00000450       0x28 ./system/src/cmsis/system_stm32f4xx.o
 .debug_aranges
                0x00000478       0x60 ./src/MCAL/MUART/MUART_program.o
 .debug_aranges
                0x000004d8       0x30 ./src/MCAL/MRCC/MRCC_program.o
 .debug_aranges
                0x00000508       0x50 ./src/MCAL/MNVIC/MNVIC_program.o
 .debug_aranges
                0x00000558       0x60 ./src/MCAL/MGPIO/MGPIO_program.o
 .debug_aranges
                0x000005b8       0x78 ./src/MCAL/MEXTI/MEXTI_program.o
 .debug_aranges
                0x00000630       0x40 ./src/HAL/RockBlock.o
 .debug_aranges
                0x00000670       0x28 ./src/_initialize_hardware.o
 .debug_aranges
                0x00000698       0x38 ./src/main.o
 .debug_aranges
                0x000006d0       0x38 ./src/stm32f4xx_hal_msp.o
 .debug_aranges
                0x00000708       0x58 ./FreeRTOS/portable/MemMang/heap_4.o
 .debug_aranges
                0x00000760       0x80 ./FreeRTOS/portable/GCC/ARM_CM4F/port.o
 .debug_aranges
                0x000007e0       0x40 ./FreeRTOS/list.o
 .debug_aranges
                0x00000820      0x1f0 ./FreeRTOS/tasks.o

.debug_pubnames
 *(.debug_pubnames)

.debug_info     0x00000000     0xed6b
 *(.debug_info .gnu.linkonce.wi.*)
 .debug_info    0x00000000      0x97e ./system/src/stm32f4-hal/stm32f4xx_hal.o
 .debug_info    0x0000097e     0x11a1 ./system/src/stm32f4-hal/stm32f4xx_hal_cortex.o
 .debug_info    0x00001b1f      0xd1b ./system/src/stm32f4-hal/stm32f4xx_hal_rcc.o
 .debug_info    0x0000283a      0x956 ./system/src/newlib/_exit.o
 .debug_info    0x00003190      0x942 ./system/src/newlib/_sbrk.o
 .debug_info    0x00003ad2      0x4bf ./system/src/newlib/_startup.o
 .debug_info    0x00003f91      0xa19 ./system/src/newlib/_syscalls.o
 .debug_info    0x000049aa      0x9ff ./system/src/newlib/assert.o
 .debug_info    0x000053a9      0xb2a ./system/src/diag/Trace.o
 .debug_info    0x00005ed3      0x40a ./system/src/diag/trace_impl.o
 .debug_info    0x000062dd      0x353 ./system/src/cortexm/_initialize_hardware.o
 .debug_info    0x00006630     0x11f1 ./system/src/cortexm/exception_handlers.o
 .debug_info    0x00007821       0x22 ./system/src/cmsis/startup_stm32f401ccux.o
 .debug_info    0x00007843      0x562 ./system/src/cmsis/system_stm32f4xx.o
 .debug_info    0x00007da5      0x1fb ./src/MCAL/MUART/MUART_program.o
 .debug_info    0x00007fa0      0x14e ./src/MCAL/MRCC/MRCC_program.o
 .debug_info    0x000080ee      0x312 ./src/MCAL/MNVIC/MNVIC_program.o
 .debug_info    0x00008400      0x350 ./src/MCAL/MGPIO/MGPIO_program.o
 .debug_info    0x00008750      0x2f5 ./src/MCAL/MEXTI/MEXTI_program.o
 .debug_info    0x00008a45      0x49d ./src/HAL/RockBlock.o
 .debug_info    0x00008ee2      0x5a9 ./src/_initialize_hardware.o
 .debug_info    0x0000948b      0x60a ./src/main.o
 .debug_info    0x00009a95      0x194 ./src/stm32f4xx_hal_msp.o
 .debug_info    0x00009c29      0xd8d ./FreeRTOS/portable/MemMang/heap_4.o
 .debug_info    0x0000a9b6      0x559 ./FreeRTOS/portable/GCC/ARM_CM4F/port.o
 .debug_info    0x0000af0f      0xacd ./FreeRTOS/list.o
 .debug_info    0x0000b9dc     0x338f ./FreeRTOS/tasks.o

.debug_abbrev   0x00000000     0x3108
 *(.debug_abbrev)
 .debug_abbrev  0x00000000      0x218 ./system/src/stm32f4-hal/stm32f4xx_hal.o
 .debug_abbrev  0x00000218      0x331 ./system/src/stm32f4-hal/stm32f4xx_hal_cortex.o
 .debug_abbrev  0x00000549      0x284 ./system/src/stm32f4-hal/stm32f4xx_hal_rcc.o
 .debug_abbrev  0x000007cd      0x1f3 ./system/src/newlib/_exit.o
 .debug_abbrev  0x000009c0      0x1fc ./system/src/newlib/_sbrk.o
 .debug_abbrev  0x00000bbc      0x1cb ./system/src/newlib/_startup.o
 .debug_abbrev  0x00000d87      0x234 ./system/src/newlib/_syscalls.o
 .debug_abbrev  0x00000fbb      0x1f3 ./system/src/newlib/assert.o
 .debug_abbrev  0x000011ae      0x276 ./system/src/diag/Trace.o
 .debug_abbrev  0x00001424      0x1f3 ./system/src/diag/trace_impl.o
 .debug_abbrev  0x00001617      0x104 ./system/src/cortexm/_initialize_hardware.o
 .debug_abbrev  0x0000171b      0x33c ./system/src/cortexm/exception_handlers.o
 .debug_abbrev  0x00001a57       0x12 ./system/src/cmsis/startup_stm32f401ccux.o
 .debug_abbrev  0x00001a69      0x12b ./system/src/cmsis/system_stm32f4xx.o
 .debug_abbrev  0x00001b94      0x111 ./src/MCAL/MUART/MUART_program.o
 .debug_abbrev  0x00001ca5       0x97 ./src/MCAL/MRCC/MRCC_program.o
 .debug_abbrev  0x00001d3c      0x126 ./src/MCAL/MNVIC/MNVIC_program.o
 .debug_abbrev  0x00001e62       0xe2 ./src/MCAL/MGPIO/MGPIO_program.o
 .debug_abbrev  0x00001f44      0x12b ./src/MCAL/MEXTI/MEXTI_program.o
 .debug_abbrev  0x0000206f      0x1c4 ./src/HAL/RockBlock.o
 .debug_abbrev  0x00002233      0x17e ./src/_initialize_hardware.o
 .debug_abbrev  0x000023b1      0x159 ./src/main.o
 .debug_abbrev  0x0000250a       0xae ./src/stm32f4xx_hal_msp.o
 .debug_abbrev  0x000025b8      0x329 ./FreeRTOS/portable/MemMang/heap_4.o
 .debug_abbrev  0x000028e1      0x23d ./FreeRTOS/portable/GCC/ARM_CM4F/port.o
 .debug_abbrev  0x00002b1e      0x223 ./FreeRTOS/list.o
 .debug_abbrev  0x00002d41      0x3c7 ./FreeRTOS/tasks.o

.debug_line     0x00000000     0x9ae2
 *(.debug_line)
 .debug_line    0x00000000      0x9e5 ./system/src/stm32f4-hal/stm32f4xx_hal.o
 .debug_line    0x000009e5      0xabe ./system/src/stm32f4-hal/stm32f4xx_hal_cortex.o
 .debug_line    0x000014a3      0xbaa ./system/src/stm32f4-hal/stm32f4xx_hal_rcc.o
 .debug_line    0x0000204d      0x3ab ./system/src/newlib/_exit.o
 .debug_line    0x000023f8      0x35f ./system/src/newlib/_sbrk.o
 .debug_line    0x00002757      0x427 ./system/src/newlib/_startup.o
 .debug_line    0x00002b7e      0x48c ./system/src/newlib/_syscalls.o
 .debug_line    0x0000300a      0x3e6 ./system/src/newlib/assert.o
 .debug_line    0x000033f0      0x427 ./system/src/diag/Trace.o
 .debug_line    0x00003817      0xb04 ./system/src/diag/trace_impl.o
 .debug_line    0x0000431b      0x808 ./system/src/cortexm/_initialize_hardware.o
 .debug_line    0x00004b23      0xbc6 ./system/src/cortexm/exception_handlers.o
 .debug_line    0x000056e9       0x8c ./system/src/cmsis/startup_stm32f401ccux.o
 .debug_line    0x00005775      0x808 ./system/src/cmsis/system_stm32f4xx.o
 .debug_line    0x00005f7d      0x181 ./src/MCAL/MUART/MUART_program.o
 .debug_line    0x000060fe      0x10a ./src/MCAL/MRCC/MRCC_program.o
 .debug_line    0x00006208      0x14d ./src/MCAL/MNVIC/MNVIC_program.o
 .debug_line    0x00006355      0x1d9 ./src/MCAL/MGPIO/MGPIO_program.o
 .debug_line    0x0000652e      0x1c8 ./src/MCAL/MEXTI/MEXTI_program.o
 .debug_line    0x000066f6      0x385 ./src/HAL/RockBlock.o
 .debug_line    0x00006a7b      0x800 ./src/_initialize_hardware.o
 .debug_line    0x0000727b      0x387 ./src/main.o
 .debug_line    0x00007602      0x801 ./src/stm32f4xx_hal_msp.o
 .debug_line    0x00007e03      0x55e ./FreeRTOS/portable/MemMang/heap_4.o
 .debug_line    0x00008361      0x3d0 ./FreeRTOS/portable/GCC/ARM_CM4F/port.o
 .debug_line    0x00008731      0x429 ./FreeRTOS/list.o
 .debug_line    0x00008b5a      0xf88 ./FreeRTOS/tasks.o

.debug_frame    0x00000000     0x19c0
 *(.debug_frame)
 .debug_frame   0x00000000      0x1f0 ./system/src/stm32f4-hal/stm32f4xx_hal.o
 .debug_frame   0x000001f0      0x1ac ./system/src/stm32f4-hal/stm32f4xx_hal_cortex.o
 .debug_frame   0x0000039c      0x188 ./system/src/stm32f4-hal/stm32f4xx_hal_rcc.o
 .debug_frame   0x00000524       0x38 ./system/src/newlib/_exit.o
 .debug_frame   0x0000055c       0x28 ./system/src/newlib/_sbrk.o
 .debug_frame   0x00000584       0x7c ./system/src/newlib/_startup.o
 .debug_frame   0x00000600       0x50 ./system/src/newlib/_syscalls.o
 .debug_frame   0x00000650       0x40 ./system/src/newlib/assert.o
 .debug_frame   0x00000690       0x94 ./system/src/diag/Trace.o
 .debug_frame   0x00000724       0x64 ./system/src/diag/trace_impl.o
 .debug_frame   0x00000788       0x40 ./system/src/cortexm/_initialize_hardware.o
 .debug_frame   0x000007c8      0x158 ./system/src/cortexm/exception_handlers.o
 .debug_frame   0x00000920       0x30 ./system/src/cmsis/system_stm32f4xx.o
 .debug_frame   0x00000950       0xa8 ./src/MCAL/MUART/MUART_program.o
 .debug_frame   0x000009f8       0x40 ./src/MCAL/MRCC/MRCC_program.o
 .debug_frame   0x00000a38       0x80 ./src/MCAL/MNVIC/MNVIC_program.o
 .debug_frame   0x00000ab8       0xdc ./src/MCAL/MGPIO/MGPIO_program.o
 .debug_frame   0x00000b94      0x114 ./src/MCAL/MEXTI/MEXTI_program.o
 .debug_frame   0x00000ca8       0x74 ./src/HAL/RockBlock.o
 .debug_frame   0x00000d1c       0x4c ./src/_initialize_hardware.o
 .debug_frame   0x00000d68       0x74 ./src/main.o
 .debug_frame   0x00000ddc       0x50 ./src/stm32f4xx_hal_msp.o
 .debug_frame   0x00000e2c       0xcc ./FreeRTOS/portable/MemMang/heap_4.o
 .debug_frame   0x00000ef8      0x100 ./FreeRTOS/portable/GCC/ARM_CM4F/port.o
 .debug_frame   0x00000ff8       0x6c ./FreeRTOS/list.o
 .debug_frame   0x00001064      0x614 ./FreeRTOS/tasks.o
 .debug_frame   0x00001678       0x2c f:/embedded iti/programms/eclips/imt_sdk_win_64/imt_sdk_win_64/winarm/armgcc/bin/../lib/gcc/arm-none-eabi/7.2.1/thumb/v7e-m/fpv4-sp/hard\libgcc.a(_aeabi_uldivmod.o)
 .debug_frame   0x000016a4       0x34 f:/embedded iti/programms/eclips/imt_sdk_win_64/imt_sdk_win_64/winarm/armgcc/bin/../lib/gcc/arm-none-eabi/7.2.1/thumb/v7e-m/fpv4-sp/hard\libgcc.a(_udivmoddi4.o)
 .debug_frame   0x000016d8       0x20 f:/embedded iti/programms/eclips/imt_sdk_win_64/imt_sdk_win_64/winarm/armgcc/bin/../lib/gcc/arm-none-eabi/7.2.1/../../../../arm-none-eabi/lib/thumb/v7e-m/fpv4-sp/hard\libg_nano.a(lib_a-errno.o)
 .debug_frame   0x000016f8       0x28 f:/embedded iti/programms/eclips/imt_sdk_win_64/imt_sdk_win_64/winarm/armgcc/bin/../lib/gcc/arm-none-eabi/7.2.1/../../../../arm-none-eabi/lib/thumb/v7e-m/fpv4-sp/hard\libg_nano.a(lib_a-memcpy-stub.o)
 .debug_frame   0x00001720       0x20 f:/embedded iti/programms/eclips/imt_sdk_win_64/imt_sdk_win_64/winarm/armgcc/bin/../lib/gcc/arm-none-eabi/7.2.1/../../../../arm-none-eabi/lib/thumb/v7e-m/fpv4-sp/hard\libg_nano.a(lib_a-memset.o)
 .debug_frame   0x00001740       0x4c f:/embedded iti/programms/eclips/imt_sdk_win_64/imt_sdk_win_64/winarm/armgcc/bin/../lib/gcc/arm-none-eabi/7.2.1/../../../../arm-none-eabi/lib/thumb/v7e-m/fpv4-sp/hard\libg_nano.a(lib_a-vsnprintf.o)
 .debug_frame   0x0000178c       0x90 f:/embedded iti/programms/eclips/imt_sdk_win_64/imt_sdk_win_64/winarm/armgcc/bin/../lib/gcc/arm-none-eabi/7.2.1/../../../../arm-none-eabi/lib/thumb/v7e-m/fpv4-sp/hard\libg_nano.a(lib_a-nano-svfprintf.o)
 .debug_frame   0x0000181c       0x60 f:/embedded iti/programms/eclips/imt_sdk_win_64/imt_sdk_win_64/winarm/armgcc/bin/../lib/gcc/arm-none-eabi/7.2.1/../../../../arm-none-eabi/lib/thumb/v7e-m/fpv4-sp/hard\libg_nano.a(lib_a-nano-vfprintf_i.o)
 .debug_frame   0x0000187c       0x28 f:/embedded iti/programms/eclips/imt_sdk_win_64/imt_sdk_win_64/winarm/armgcc/bin/../lib/gcc/arm-none-eabi/7.2.1/../../../../arm-none-eabi/lib/thumb/v7e-m/fpv4-sp/hard\libg_nano.a(lib_a-memmove.o)
 .debug_frame   0x000018a4       0x38 f:/embedded iti/programms/eclips/imt_sdk_win_64/imt_sdk_win_64/winarm/armgcc/bin/../lib/gcc/arm-none-eabi/7.2.1/../../../../arm-none-eabi/lib/thumb/v7e-m/fpv4-sp/hard\libg_nano.a(lib_a-nano-freer.o)
 .debug_frame   0x000018dc       0x2c f:/embedded iti/programms/eclips/imt_sdk_win_64/imt_sdk_win_64/winarm/armgcc/bin/../lib/gcc/arm-none-eabi/7.2.1/../../../../arm-none-eabi/lib/thumb/v7e-m/fpv4-sp/hard\libg_nano.a(lib_a-nano-mallocr.o)
 .debug_frame   0x00001908       0x3c f:/embedded iti/programms/eclips/imt_sdk_win_64/imt_sdk_win_64/winarm/armgcc/bin/../lib/gcc/arm-none-eabi/7.2.1/../../../../arm-none-eabi/lib/thumb/v7e-m/fpv4-sp/hard\libg_nano.a(lib_a-nano-reallocr.o)
 .debug_frame   0x00001944       0x2c f:/embedded iti/programms/eclips/imt_sdk_win_64/imt_sdk_win_64/winarm/armgcc/bin/../lib/gcc/arm-none-eabi/7.2.1/../../../../arm-none-eabi/lib/thumb/v7e-m/fpv4-sp/hard\libg_nano.a(lib_a-sbrkr.o)
 .debug_frame   0x00001970       0x30 f:/embedded iti/programms/eclips/imt_sdk_win_64/imt_sdk_win_64/winarm/armgcc/bin/../lib/gcc/arm-none-eabi/7.2.1/../../../../arm-none-eabi/lib/thumb/v7e-m/fpv4-sp/hard\libg_nano.a(lib_a-mlock.o)
 .debug_frame   0x000019a0       0x20 f:/embedded iti/programms/eclips/imt_sdk_win_64/imt_sdk_win_64/winarm/armgcc/bin/../lib/gcc/arm-none-eabi/7.2.1/../../../../arm-none-eabi/lib/thumb/v7e-m/fpv4-sp/hard\libg_nano.a(lib_a-nano-msizer.o)

.debug_str      0x00000000    0xb44c5
 *(.debug_str)
 .debug_str     0x00000000    0xa3098 ./system/src/stm32f4-hal/stm32f4xx_hal.o
                              0xa3408 (size before relaxing)
 .debug_str     0x000a3098      0x3bf ./system/src/stm32f4-hal/stm32f4xx_hal_cortex.o
                              0xa31bb (size before relaxing)
 .debug_str     0x000a3457      0x3ea ./system/src/stm32f4-hal/stm32f4xx_hal_rcc.o
                              0xa2e56 (size before relaxing)
 .debug_str     0x000a3841     0x4d39 ./system/src/newlib/_exit.o
                               0x7f2a (size before relaxing)
 .debug_str     0x000a857a      0x375 ./system/src/newlib/_sbrk.o
                               0x72dc (size before relaxing)
 .debug_str     0x000a88ef      0x2c6 ./system/src/newlib/_startup.o
                               0x6a6f (size before relaxing)
 .debug_str     0x000a8bb5      0xe8b ./system/src/newlib/_syscalls.o
                               0x81b7 (size before relaxing)
 .debug_str     0x000a9a40       0xd0 ./system/src/newlib/assert.o
                               0x8a2f (size before relaxing)
 .debug_str     0x000a9b10      0x819 ./system/src/diag/Trace.o
                               0x86a2 (size before relaxing)
 .debug_str     0x000aa329      0x37b ./system/src/diag/trace_impl.o
                              0xa6863 (size before relaxing)
 .debug_str     0x000aa6a4       0x5e ./system/src/cortexm/_initialize_hardware.o
                              0xa2989 (size before relaxing)
 .debug_str     0x000aa702      0x172 ./system/src/cortexm/exception_handlers.o
                              0xa7a80 (size before relaxing)
 .debug_str     0x000aa874       0x3b ./system/src/cmsis/startup_stm32f401ccux.o
                                 0x7b (size before relaxing)
 .debug_str     0x000aa8af       0x31 ./system/src/cmsis/system_stm32f4xx.o
                              0xa2a47 (size before relaxing)
 .debug_str     0x000aa8e0      0x2a7 ./src/MCAL/MUART/MUART_program.o
                               0x30a7 (size before relaxing)
 .debug_str     0x000aab87      0x87d ./src/MCAL/MRCC/MRCC_program.o
                               0x3738 (size before relaxing)
 .debug_str     0x000ab404      0x303 ./src/MCAL/MNVIC/MNVIC_program.o
                               0x3225 (size before relaxing)
 .debug_str     0x000ab707      0x529 ./src/MCAL/MGPIO/MGPIO_program.o
                               0x3401 (size before relaxing)
 .debug_str     0x000abc30      0x45d ./src/MCAL/MEXTI/MEXTI_program.o
                               0x3325 (size before relaxing)
 .debug_str     0x000ac08d     0x4c50 ./src/HAL/RockBlock.o
                               0x89a3 (size before relaxing)
 .debug_str     0x000b0cdd       0x31 ./src/_initialize_hardware.o
                              0xa2b80 (size before relaxing)
 .debug_str     0x000b0d0e      0xee1 ./src/main.o
                               0x9dc9 (size before relaxing)
 .debug_str     0x000b1bef       0x3d ./src/stm32f4xx_hal_msp.o
                              0xa28d9 (size before relaxing)
 .debug_str     0x000b1c2c      0x3dc ./FreeRTOS/portable/MemMang/heap_4.o
                               0xbba4 (size before relaxing)
 .debug_str     0x000b2008      0x82e ./FreeRTOS/portable/GCC/ARM_CM4F/port.o
                               0x8f84 (size before relaxing)
 .debug_str     0x000b2836      0x112 ./FreeRTOS/list.o
                               0xa6f0 (size before relaxing)
 .debug_str     0x000b2948     0x1b7d ./FreeRTOS/tasks.o
                               0xd708 (size before relaxing)

.debug_loc      0x00000000     0x4be0
 *(.debug_loc)
 .debug_loc     0x00000000      0x10c ./system/src/stm32f4-hal/stm32f4xx_hal.o
 .debug_loc     0x0000010c      0x75c ./system/src/stm32f4-hal/stm32f4xx_hal_cortex.o
 .debug_loc     0x00000868      0x417 ./system/src/stm32f4-hal/stm32f4xx_hal_rcc.o
 .debug_loc     0x00000c7f       0x85 ./system/src/newlib/_sbrk.o
 .debug_loc     0x00000d04      0x2cb ./system/src/newlib/_startup.o
 .debug_loc     0x00000fcf       0x63 ./system/src/newlib/_syscalls.o
 .debug_loc     0x00001032      0x134 ./system/src/newlib/assert.o
 .debug_loc     0x00001166       0xf6 ./system/src/diag/Trace.o
 .debug_loc     0x0000125c      0x121 ./system/src/diag/trace_impl.o
 .debug_loc     0x0000137d      0x291 ./system/src/cortexm/exception_handlers.o
 .debug_loc     0x0000160e      0x13e ./system/src/cmsis/system_stm32f4xx.o
 .debug_loc     0x0000174c       0x2a ./src/MCAL/MUART/MUART_program.o
 .debug_loc     0x00001776      0x340 ./src/MCAL/MRCC/MRCC_program.o
 .debug_loc     0x00001ab6      0x207 ./src/MCAL/MNVIC/MNVIC_program.o
 .debug_loc     0x00001cbd      0x831 ./src/MCAL/MGPIO/MGPIO_program.o
 .debug_loc     0x000024ee      0x1c0 ./src/MCAL/MEXTI/MEXTI_program.o
 .debug_loc     0x000026ae       0xcd ./src/HAL/RockBlock.o
 .debug_loc     0x0000277b       0x5e ./src/main.o
 .debug_loc     0x000027d9      0x3b0 ./FreeRTOS/portable/MemMang/heap_4.o
 .debug_loc     0x00002b89       0xdc ./FreeRTOS/portable/GCC/ARM_CM4F/port.o
 .debug_loc     0x00002c65       0x70 ./FreeRTOS/list.o
 .debug_loc     0x00002cd5     0x1f0b ./FreeRTOS/tasks.o

.debug_macinfo
 *(.debug_macinfo)

.debug_weaknames
 *(.debug_weaknames)

.debug_funcnames
 *(.debug_funcnames)

.debug_typenames
 *(.debug_typenames)

.debug_varnames
 *(.debug_varnames)
OUTPUT(Modem_RockBlock.elf elf32-littlearm)

.debug_ranges   0x00000000      0xa88
 .debug_ranges  0x00000000       0xe0 ./system/src/stm32f4-hal/stm32f4xx_hal.o
 .debug_ranges  0x000000e0      0x100 ./system/src/stm32f4-hal/stm32f4xx_hal_cortex.o
 .debug_ranges  0x000001e0       0x90 ./system/src/stm32f4-hal/stm32f4xx_hal_rcc.o
 .debug_ranges  0x00000270       0x18 ./system/src/newlib/_exit.o
 .debug_ranges  0x00000288       0x10 ./system/src/newlib/_sbrk.o
 .debug_ranges  0x00000298       0x90 ./system/src/newlib/_startup.o
 .debug_ranges  0x00000328       0x20 ./system/src/newlib/_syscalls.o
 .debug_ranges  0x00000348       0x18 ./system/src/newlib/assert.o
 .debug_ranges  0x00000360       0x28 ./system/src/diag/Trace.o
 .debug_ranges  0x00000388       0x50 ./system/src/diag/trace_impl.o
 .debug_ranges  0x000003d8       0x18 ./system/src/cortexm/_initialize_hardware.o
 .debug_ranges  0x000003f0       0x80 ./system/src/cortexm/exception_handlers.o
 .debug_ranges  0x00000470       0x20 ./system/src/cmsis/startup_stm32f401ccux.o
 .debug_ranges  0x00000490       0x18 ./system/src/cmsis/system_stm32f4xx.o
 .debug_ranges  0x000004a8       0x50 ./src/MCAL/MUART/MUART_program.o
 .debug_ranges  0x000004f8       0x20 ./src/MCAL/MRCC/MRCC_program.o
 .debug_ranges  0x00000518       0x40 ./src/MCAL/MNVIC/MNVIC_program.o
 .debug_ranges  0x00000558       0x50 ./src/MCAL/MGPIO/MGPIO_program.o
 .debug_ranges  0x000005a8       0x68 ./src/MCAL/MEXTI/MEXTI_program.o
 .debug_ranges  0x00000610       0x48 ./src/HAL/RockBlock.o
 .debug_ranges  0x00000658       0x18 ./src/_initialize_hardware.o
 .debug_ranges  0x00000670       0x28 ./src/main.o
 .debug_ranges  0x00000698       0x28 ./src/stm32f4xx_hal_msp.o
 .debug_ranges  0x000006c0       0x48 ./FreeRTOS/portable/MemMang/heap_4.o
 .debug_ranges  0x00000708       0x70 ./FreeRTOS/portable/GCC/ARM_CM4F/port.o
 .debug_ranges  0x00000778       0x30 ./FreeRTOS/list.o
 .debug_ranges  0x000007a8      0x2e0 ./FreeRTOS/tasks.o

.debug_macro    0x00000000    0x1cc3f
 .debug_macro   0x00000000      0x3d2 ./system/src/stm32f4-hal/stm32f4xx_hal.o
 .debug_macro   0x000003d2      0xa72 ./system/src/stm32f4-hal/stm32f4xx_hal.o
 .debug_macro   0x00000e44      0x289 ./system/src/stm32f4-hal/stm32f4xx_hal.o
 .debug_macro   0x000010cd       0x2e ./system/src/stm32f4-hal/stm32f4xx_hal.o
 .debug_macro   0x000010fb       0x28 ./system/src/stm32f4-hal/stm32f4xx_hal.o
 .debug_macro   0x00001123      0x34e ./system/src/stm32f4-hal/stm32f4xx_hal.o
 .debug_macro   0x00001471       0x35 ./system/src/stm32f4-hal/stm32f4xx_hal.o
 .debug_macro   0x000014a6       0x50 ./system/src/stm32f4-hal/stm32f4xx_hal.o
 .debug_macro   0x000014f6      0xe66 ./system/src/stm32f4-hal/stm32f4xx_hal.o
 .debug_macro   0x0000235c     0xb86c ./system/src/stm32f4-hal/stm32f4xx_hal.o
 .debug_macro   0x0000dbc8       0x6d ./system/src/stm32f4-hal/stm32f4xx_hal.o
 .debug_macro   0x0000dc35     0x368c ./system/src/stm32f4-hal/stm32f4xx_hal.o
 .debug_macro   0x000112c1      0x174 ./system/src/stm32f4-hal/stm32f4xx_hal.o
 .debug_macro   0x00011435       0x5c ./system/src/stm32f4-hal/stm32f4xx_hal.o
 .debug_macro   0x00011491      0x416 ./system/src/stm32f4-hal/stm32f4xx_hal.o
 .debug_macro   0x000118a7      0x9e9 ./system/src/stm32f4-hal/stm32f4xx_hal.o
 .debug_macro   0x00012290      0x115 ./system/src/stm32f4-hal/stm32f4xx_hal.o
 .debug_macro   0x000123a5       0xf8 ./system/src/stm32f4-hal/stm32f4xx_hal.o
 .debug_macro   0x0001249d       0xa5 ./system/src/stm32f4-hal/stm32f4xx_hal.o
 .debug_macro   0x00012542      0x287 ./system/src/stm32f4-hal/stm32f4xx_hal.o
 .debug_macro   0x000127c9       0x5f ./system/src/stm32f4-hal/stm32f4xx_hal.o
 .debug_macro   0x00012828      0x236 ./system/src/stm32f4-hal/stm32f4xx_hal.o
 .debug_macro   0x00012a5e      0x9e1 ./system/src/stm32f4-hal/stm32f4xx_hal.o
 .debug_macro   0x0001343f      0x38b ./system/src/stm32f4-hal/stm32f4xx_hal.o
 .debug_macro   0x000137ca      0x176 ./system/src/stm32f4-hal/stm32f4xx_hal.o
 .debug_macro   0x00013940       0xf9 ./system/src/stm32f4-hal/stm32f4xx_hal.o
 .debug_macro   0x00013a39       0x23 ./system/src/stm32f4-hal/stm32f4xx_hal.o
 .debug_macro   0x00013a5c      0x132 ./system/src/stm32f4-hal/stm32f4xx_hal.o
 .debug_macro   0x00013b8e      0x30c ./system/src/stm32f4-hal/stm32f4xx_hal.o
 .debug_macro   0x00013e9a       0x2e ./system/src/stm32f4-hal/stm32f4xx_hal.o
 .debug_macro   0x00013ec8      0x1a7 ./system/src/stm32f4-hal/stm32f4xx_hal.o
 .debug_macro   0x0001406f       0x22 ./system/src/stm32f4-hal/stm32f4xx_hal.o
 .debug_macro   0x00014091       0xa5 ./system/src/stm32f4-hal/stm32f4xx_hal.o
 .debug_macro   0x00014136      0x18b ./system/src/stm32f4-hal/stm32f4xx_hal.o
 .debug_macro   0x000142c1       0x24 ./system/src/stm32f4-hal/stm32f4xx_hal.o
 .debug_macro   0x000142e5       0x35 ./system/src/stm32f4-hal/stm32f4xx_hal.o
 .debug_macro   0x0001431a       0x79 ./system/src/stm32f4-hal/stm32f4xx_hal.o
 .debug_macro   0x00014393      0x127 ./system/src/stm32f4-hal/stm32f4xx_hal.o
 .debug_macro   0x000144ba       0x85 ./system/src/stm32f4-hal/stm32f4xx_hal.o
 .debug_macro   0x0001453f       0x89 ./system/src/stm32f4-hal/stm32f4xx_hal.o
 .debug_macro   0x000145c8      0x31a ./system/src/stm32f4-hal/stm32f4xx_hal.o
 .debug_macro   0x000148e2      0x409 ./system/src/stm32f4-hal/stm32f4xx_hal.o
 .debug_macro   0x00014ceb       0xe4 ./system/src/stm32f4-hal/stm32f4xx_hal.o
 .debug_macro   0x00014dcf      0x48d ./system/src/stm32f4-hal/stm32f4xx_hal.o
 .debug_macro   0x0001525c      0x22b ./system/src/stm32f4-hal/stm32f4xx_hal.o
 .debug_macro   0x00015487      0x202 ./system/src/stm32f4-hal/stm32f4xx_hal.o
 .debug_macro   0x00015689      0x8ed ./system/src/stm32f4-hal/stm32f4xx_hal.o
 .debug_macro   0x00015f76       0x47 ./system/src/stm32f4-hal/stm32f4xx_hal.o
 .debug_macro   0x00015fbd      0x2aa ./system/src/stm32f4-hal/stm32f4xx_hal.o
 .debug_macro   0x00016267      0x225 ./system/src/stm32f4-hal/stm32f4xx_hal.o
 .debug_macro   0x0001648c      0x1b5 ./system/src/stm32f4-hal/stm32f4xx_hal.o
 .debug_macro   0x00016641      0x2db ./system/src/stm32f4-hal/stm32f4xx_hal.o
 .debug_macro   0x0001691c       0x89 ./system/src/stm32f4-hal/stm32f4xx_hal.o
 .debug_macro   0x000169a5      0x1df ./system/src/stm32f4-hal/stm32f4xx_hal.o
 .debug_macro   0x00016b84      0x115 ./system/src/stm32f4-hal/stm32f4xx_hal.o
 .debug_macro   0x00016c99       0x6e ./system/src/stm32f4-hal/stm32f4xx_hal.o
 .debug_macro   0x00016d07      0x126 ./system/src/stm32f4-hal/stm32f4xx_hal.o
 .debug_macro   0x00016e2d      0x372 ./system/src/stm32f4-hal/stm32f4xx_hal_cortex.o
 .debug_macro   0x0001719f      0x396 ./system/src/stm32f4-hal/stm32f4xx_hal_rcc.o
 .debug_macro   0x00017535      0x1b4 ./system/src/newlib/_exit.o
 .debug_macro   0x000176e9       0x9c ./system/src/newlib/_exit.o
 .debug_macro   0x00017785      0x10e ./system/src/newlib/_exit.o
 .debug_macro   0x00017893       0x8d ./system/src/newlib/_exit.o
 .debug_macro   0x00017920       0x43 ./system/src/newlib/_exit.o
 .debug_macro   0x00017963      0x330 ./system/src/newlib/_exit.o
 .debug_macro   0x00017c93       0x35 ./system/src/newlib/_exit.o
 .debug_macro   0x00017cc8      0x169 ./system/src/newlib/_sbrk.o
 .debug_macro   0x00017e31       0x10 ./system/src/newlib/_sbrk.o
 .debug_macro   0x00017e41      0x23b ./system/src/newlib/_sbrk.o
 .debug_macro   0x0001807c      0x173 ./system/src/newlib/_startup.o
 .debug_macro   0x000181ef      0xa72 ./system/src/newlib/_startup.o
 .debug_macro   0x00018c61      0x217 ./system/src/newlib/_syscalls.o
 .debug_macro   0x00018e78       0x1c ./system/src/newlib/_syscalls.o
 .debug_macro   0x00018e94       0x10 ./system/src/newlib/_syscalls.o
 .debug_macro   0x00018ea4       0x10 ./system/src/newlib/_syscalls.o
 .debug_macro   0x00018eb4       0x10 ./system/src/newlib/_syscalls.o
 .debug_macro   0x00018ec4       0x35 ./system/src/newlib/_syscalls.o
 .debug_macro   0x00018ef9      0x122 ./system/src/newlib/_syscalls.o
 .debug_macro   0x0001901b       0x88 ./system/src/newlib/_syscalls.o
 .debug_macro   0x000190a3       0x2b ./system/src/newlib/_syscalls.o
 .debug_macro   0x000190ce      0x118 ./system/src/newlib/_syscalls.o
 .debug_macro   0x000191e6      0x189 ./system/src/newlib/_syscalls.o
 .debug_macro   0x0001936f       0x16 ./system/src/newlib/_syscalls.o
 .debug_macro   0x00019385      0x1d0 ./system/src/newlib/assert.o
 .debug_macro   0x00019555       0x1c ./system/src/newlib/assert.o
 .debug_macro   0x00019571      0x1fb ./system/src/diag/Trace.o
 .debug_macro   0x0001976c       0x16 ./system/src/diag/Trace.o
 .debug_macro   0x00019782       0x97 ./system/src/diag/Trace.o
 .debug_macro   0x00019819       0xfd ./system/src/diag/Trace.o
 .debug_macro   0x00019916       0x10 ./system/src/diag/Trace.o
 .debug_macro   0x00019926       0x16 ./system/src/diag/Trace.o
 .debug_macro   0x0001993c      0x16f ./system/src/diag/Trace.o
 .debug_macro   0x00019aab       0x4c ./system/src/diag/Trace.o
 .debug_macro   0x00019af7       0x16 ./system/src/diag/Trace.o
 .debug_macro   0x00019b0d      0x4e6 ./system/src/diag/trace_impl.o
 .debug_macro   0x00019ff3       0x10 ./system/src/diag/trace_impl.o
 .debug_macro   0x0001a003       0x22 ./system/src/diag/trace_impl.o
 .debug_macro   0x0001a025      0x37c ./system/src/cortexm/_initialize_hardware.o
 .debug_macro   0x0001a3a1      0x530 ./system/src/cortexm/exception_handlers.o
 .debug_macro   0x0001a8d1       0x3b ./system/src/cortexm/exception_handlers.o
 .debug_macro   0x0001a90c       0x10 ./system/src/cortexm/exception_handlers.o
 .debug_macro   0x0001a91c      0x372 ./system/src/cmsis/system_stm32f4xx.o
 .debug_macro   0x0001ac8e       0x4a ./src/MCAL/MUART/MUART_program.o
 .debug_macro   0x0001acd8       0x1c ./src/MCAL/MUART/MUART_program.o
 .debug_macro   0x0001acf4       0x1c ./src/MCAL/MUART/MUART_program.o
 .debug_macro   0x0001ad10       0x16 ./src/MCAL/MUART/MUART_program.o
 .debug_macro   0x0001ad26       0x47 ./src/MCAL/MRCC/MRCC_program.o
 .debug_macro   0x0001ad6d       0x6a ./src/MCAL/MRCC/MRCC_program.o
 .debug_macro   0x0001add7       0x64 ./src/MCAL/MRCC/MRCC_program.o
 .debug_macro   0x0001ae3b       0x1c ./src/MCAL/MRCC/MRCC_program.o
 .debug_macro   0x0001ae57       0x8e ./src/MCAL/MRCC/MRCC_program.o
 .debug_macro   0x0001aee5       0x49 ./src/MCAL/MNVIC/MNVIC_program.o
 .debug_macro   0x0001af2e       0x28 ./src/MCAL/MNVIC/MNVIC_program.o
 .debug_macro   0x0001af56       0x22 ./src/MCAL/MNVIC/MNVIC_program.o
 .debug_macro   0x0001af78       0x49 ./src/MCAL/MGPIO/MGPIO_program.o
 .debug_macro   0x0001afc1       0xd6 ./src/MCAL/MGPIO/MGPIO_program.o
 .debug_macro   0x0001b097       0x2e ./src/MCAL/MGPIO/MGPIO_program.o
 .debug_macro   0x0001b0c5       0x49 ./src/MCAL/MEXTI/MEXTI_program.o
 .debug_macro   0x0001b10e       0x2e ./src/MCAL/MEXTI/MEXTI_program.o
 .debug_macro   0x0001b13c       0x34 ./src/MCAL/MEXTI/MEXTI_program.o
 .debug_macro   0x0001b170       0xd8 ./src/HAL/RockBlock.o
 .debug_macro   0x0001b248      0x112 ./src/HAL/RockBlock.o
 .debug_macro   0x0001b35a      0x15a ./src/HAL/RockBlock.o
 .debug_macro   0x0001b4b4       0xea ./src/HAL/RockBlock.o
 .debug_macro   0x0001b59e       0x1c ./src/HAL/RockBlock.o
 .debug_macro   0x0001b5ba       0x26 ./src/HAL/RockBlock.o
 .debug_macro   0x0001b5e0      0x4f6 ./src/HAL/RockBlock.o
 .debug_macro   0x0001bad6       0xb5 ./src/HAL/RockBlock.o
 .debug_macro   0x0001bb8b      0x120 ./src/HAL/RockBlock.o
 .debug_macro   0x0001bcab      0x372 ./src/_initialize_hardware.o
 .debug_macro   0x0001c01d      0x105 ./src/main.o
 .debug_macro   0x0001c122       0x80 ./src/main.o
 .debug_macro   0x0001c1a2       0x7e ./src/main.o
 .debug_macro   0x0001c220      0x372 ./src/stm32f4xx_hal_msp.o
 .debug_macro   0x0001c592      0x189 ./FreeRTOS/portable/MemMang/heap_4.o
 .debug_macro   0x0001c71b      0x157 ./FreeRTOS/portable/GCC/ARM_CM4F/port.o
 .debug_macro   0x0001c872      0x16e ./FreeRTOS/list.o
 .debug_macro   0x0001c9e0      0x24f ./FreeRTOS/tasks.o
 .debug_macro   0x0001cc2f       0x10 ./FreeRTOS/tasks.o
